Component: Arm Compiler for Embedded 6.18 Tool: armlink [5e4cc100]

==============================================================================

Section Cross References

    startup_stm32u585xx.o(RESET) refers to startup_stm32u585xx.o(STACK) for __initial_sp
    startup_stm32u585xx.o(RESET) refers to startup_stm32u585xx.o(.text) for Reset_Handler
    startup_stm32u585xx.o(RESET) refers to stm32u5xx_it.o(.text.NMI_Handler) for NMI_Handler
    startup_stm32u585xx.o(RESET) refers to stm32u5xx_it.o(.text.HardFault_Handler) for HardFault_Handler
    startup_stm32u585xx.o(RESET) refers to stm32u5xx_it.o(.text.MemManage_Handler) for MemManage_Handler
    startup_stm32u585xx.o(RESET) refers to stm32u5xx_it.o(.text.BusFault_Handler) for BusFault_Handler
    startup_stm32u585xx.o(RESET) refers to stm32u5xx_it.o(.text.UsageFault_Handler) for UsageFault_Handler
    startup_stm32u585xx.o(RESET) refers to stm32u5xx_it.o(.text.SecureFault_Handler) for SecureFault_Handler
    startup_stm32u585xx.o(RESET) refers to stm32u5xx_it.o(.text.SVC_Handler) for SVC_Handler
    startup_stm32u585xx.o(RESET) refers to stm32u5xx_it.o(.text.DebugMon_Handler) for DebugMon_Handler
    startup_stm32u585xx.o(RESET) refers to stm32u5xx_it.o(.text.PendSV_Handler) for PendSV_Handler
    startup_stm32u585xx.o(RESET) refers to stm32u5xx_it.o(.text.SysTick_Handler) for SysTick_Handler
    startup_stm32u585xx.o(RESET) refers to stm32u5xx_it.o(.text.EXTI14_IRQHandler) for EXTI14_IRQHandler
    startup_stm32u585xx.o(RESET) refers to stm32u5xx_it.o(.text.EXTI15_IRQHandler) for EXTI15_IRQHandler
    startup_stm32u585xx.o(RESET) refers to stm32u5xx_it.o(.text.GPDMA1_Channel4_IRQHandler) for GPDMA1_Channel4_IRQHandler
    startup_stm32u585xx.o(RESET) refers to stm32u5xx_it.o(.text.GPDMA1_Channel5_IRQHandler) for GPDMA1_Channel5_IRQHandler
    startup_stm32u585xx.o(RESET) refers to stm32u5xx_it.o(.text.SPI2_IRQHandler) for SPI2_IRQHandler
    startup_stm32u585xx.o(RESET) refers to stm32u5xx_it.o(.text.LPTIM1_IRQHandler) for LPTIM1_IRQHandler
    startup_stm32u585xx.o(.text) refers to system_stm32u5xx.o(.text.SystemInit) for SystemInit
    startup_stm32u585xx.o(.text) refers to entry.o(.ARM.Collect$$$$00000000) for __main
    bsp.o(.text.bsp_init) refers to b_u585i_iot02a.o(.text.BSP_LED_Init) for BSP_LED_Init
    bsp.o(.ARM.exidx.text.bsp_init) refers to bsp.o(.text.bsp_init) for [Anonymous Symbol]
    console.o(.text.webserver_console_config) refers to console.o(.bss.Console_UARTHandle) for Console_UARTHandle
    console.o(.text.webserver_console_config) refers to stm32u5xx_hal_uart.o(.text.HAL_UART_Init) for HAL_UART_Init
    console.o(.text.webserver_console_config) refers to stm32u5xx_hal_uart_ex.o(.text.HAL_UARTEx_DisableFifoMode) for HAL_UARTEx_DisableFifoMode
    console.o(.ARM.exidx.text.webserver_console_config) refers to console.o(.text.webserver_console_config) for [Anonymous Symbol]
    console.o(.text.webserver_console_print_header) refers to console.o(.rodata.str1.1) for .Lstr.19
    console.o(.text.webserver_console_print_header) refers to puts.o(i.puts) for puts
    console.o(.ARM.exidx.text.webserver_console_print_header) refers to console.o(.text.webserver_console_print_header) for [Anonymous Symbol]
    console.o(.text.webserver_console_get_ssid) refers to console.o(.rodata.str1.1) for .Lstr.19
    console.o(.text.webserver_console_get_ssid) refers to puts.o(i.puts) for puts
    console.o(.text.webserver_console_get_ssid) refers to console.o(.bss.Console_UARTHandle) for Console_UARTHandle
    console.o(.text.webserver_console_get_ssid) refers to stm32u5xx_hal_uart.o(.text.HAL_UART_AbortReceive) for HAL_UART_AbortReceive
    console.o(.text.webserver_console_get_ssid) refers to stm32u5xx_hal_uart.o(.text.HAL_UART_Receive) for HAL_UART_Receive
    console.o(.text.webserver_console_get_ssid) refers to putchar.o(i.putchar) for putchar
    console.o(.ARM.exidx.text.webserver_console_get_ssid) refers to console.o(.text.webserver_console_get_ssid) for [Anonymous Symbol]
    console.o(.text.webserver_console_get_password) refers to console.o(.rodata.str1.1) for .Lstr.19
    console.o(.text.webserver_console_get_password) refers to puts.o(i.puts) for puts
    console.o(.text.webserver_console_get_password) refers to console.o(.bss.Console_UARTHandle) for Console_UARTHandle
    console.o(.text.webserver_console_get_password) refers to stm32u5xx_hal_uart.o(.text.HAL_UART_AbortReceive) for HAL_UART_AbortReceive
    console.o(.text.webserver_console_get_password) refers to putchar.o(i.putchar) for putchar
    console.o(.text.webserver_console_get_password) refers to stm32u5xx_hal_uart.o(.text.HAL_UART_Receive) for HAL_UART_Receive
    console.o(.ARM.exidx.text.webserver_console_get_password) refers to console.o(.text.webserver_console_get_password) for [Anonymous Symbol]
    console.o(.text.fputc) refers to console.o(.bss.Console_UARTHandle) for Console_UARTHandle
[...]
    net_recvfrom                             0x0800b875   Thumb Code   254  net_socket.o(.text.net_recvfrom)
    net_send                                 0x0800b975   Thumb Code   106  net_socket.o(.text.net_send)
    net_set_port                             0x0800b9e1   Thumb Code     6  net_address.o(.text.net_set_port)
    net_socket                               0x0800b9e9   Thumb Code   152  net_socket.o(.text.net_socket)
    net_state_manage_event                   0x0800ba81   Thumb Code   432  net_state.o(.text.net_state_manage_event)
    net_wifi_get_class                       0x0800bc31   Thumb Code     8  net_class_extension.o(.text.net_wifi_get_class)
    net_wifi_get_scan_results                0x0800bc39   Thumb Code    42  net_class_extension.o(.text.net_wifi_get_scan_results)
    net_wifi_scan                            0x0800bc65   Thumb Code    48  net_class_extension.o(.text.net_wifi_scan)
    net_wifi_security_to_string              0x0800bc95   Thumb Code   440  net_class_extension.o(.text.net_wifi_security_to_string)
    net_wifi_set_access_channel              0x0800be6d   Thumb Code    12  net_class_extension.o(.text.net_wifi_set_access_channel)
    net_wifi_set_access_mode                 0x0800be79   Thumb Code    12  net_class_extension.o(.text.net_wifi_set_access_mode)
    net_wifi_set_ap_max_connections          0x0800be85   Thumb Code    12  net_class_extension.o(.text.net_wifi_set_ap_max_connections)
    net_wifi_set_credentials                 0x0800be91   Thumb Code    12  net_class_extension.o(.text.net_wifi_set_credentials)
    netif_check                              0x0800be9d   Thumb Code    18  net_core.o(.text.netif_check)
    noos_fifo_deinit                         0x0800beb1   Thumb Code    26  mx_rtos_abs.o(.text.noos_fifo_deinit)
    noos_fifo_init                           0x0800becd   Thumb Code    72  mx_rtos_abs.o(.text.noos_fifo_init)
    noos_fifo_pop                            0x0800bf15   Thumb Code   112  mx_rtos_abs.o(.text.noos_fifo_pop)
    noos_fifo_push                           0x0800bf85   Thumb Code   124  mx_rtos_abs.o(.text.noos_fifo_push)
    noos_sem_wait                            0x0800c001   Thumb Code   100  mx_rtos_abs.o(.text.noos_sem_wait)
    process_txrx_poll                        0x0800c065   Thumb Code   460  net_conf_mxchip_spi.o(.text.process_txrx_poll)
    scan_cmd                                 0x0800c231   Thumb Code   228  net_interface.o(.text.scan_cmd)
    system_clock_config                      0x0800c345   Thumb Code   174  system_config.o(.text.system_clock_config)
    system_init                              0x0800c3f5   Thumb Code   164  system_config.o(.text.system_init)
    webserver_console_config                 0x0800c4e1   Thumb Code    88  console.o(.text.webserver_console_config)
    webserver_console_get_password           0x0800c539   Thumb Code   266  console.o(.text.webserver_console_get_password)
    webserver_console_get_ssid               0x0800c645   Thumb Code   192  console.o(.text.webserver_console_get_ssid)
    webserver_console_print_header           0x0800c705   Thumb Code    92  console.o(.text.webserver_console_print_header)
    webserver_http_encode_css_response       0x0800c761   Thumb Code   152  webserver_http_encoder.o(.text.webserver_http_encode_css_response)
    webserver_http_encode_favicon_response   0x0800c7f9   Thumb Code   158  webserver_http_encoder.o(.text.webserver_http_encode_favicon_response)
    webserver_http_encode_html_response      0x0800c899   Thumb Code   170  webserver_http_encoder.o(.text.webserver_http_encode_html_response)
    webserver_http_encode_image_response     0x0800c945   Thumb Code   146  webserver_http_encoder.o(.text.webserver_http_encode_image_response)
    webserver_http_encode_js_response        0x0800c9d9   Thumb Code   152  webserver_http_encoder.o(.text.webserver_http_encode_js_response)
    webserver_http_encode_json_response      0x0800ca71   Thumb Code   146  webserver_http_encoder.o(.text.webserver_http_encode_json_response)
    webserver_http_encode_sensor_response    0x0800cb05   Thumb Code   130  webserver_http_encoder.o(.text.webserver_http_encode_sensor_response)
    webserver_http_encode_woff2_response     0x0800cb89   Thumb Code   130  webserver_http_encoder.o(.text.webserver_http_encode_woff2_response)
    webserver_http_start                     0x0800cc0d   Thumb Code  1140  webserver_http_response.o(.text.webserver_http_start)
    webserver_humid_sensor_read              0x0800d115   Thumb Code    10  webserver_sensors.o(.text.webserver_humid_sensor_read)
    webserver_press_sensor_read              0x0800d121   Thumb Code    10  webserver_sensors.o(.text.webserver_press_sensor_read)
    webserver_process_error                  0x0800d12d   Thumb Code    22  webserver_status.o(.text.webserver_process_error)
    webserver_sensors_start                  0x0800d145   Thumb Code   420  webserver_sensors.o(.text.webserver_sensors_start)
    webserver_temp_sensor_read               0x0800d2e9   Thumb Code    10  webserver_sensors.o(.text.webserver_temp_sensor_read)
    webserver_wifi_connect                   0x0800d2f5   Thumb Code   102  webserver_wifi.o(.text.webserver_wifi_connect)
    webserver_wifi_init                      0x0800d35d   Thumb Code   406  webserver_wifi.o(.text.webserver_wifi_init)
    wifi_obj_get                             0x0800d4f5   Thumb Code    10  net_conf_mxchip_spi.o(.text.wifi_obj_get)
    __0printf                                0x0800d501   Thumb Code    22  printfa.o(i.__0printf)
    __1printf                                0x0800d501   Thumb Code     0  printfa.o(i.__0printf)
    __2printf                                0x0800d501   Thumb Code     0  printfa.o(i.__0printf)
    __c89printf                              0x0800d501   Thumb Code     0  printfa.o(i.__0printf)
    printf                                   0x0800d501   Thumb Code     0  printfa.o(i.__0printf)
    __0sprintf                               0x0800d521   Thumb Code    34  printfa.o(i.__0sprintf)
    __1sprintf                               0x0800d521   Thumb Code     0  printfa.o(i.__0sprintf)
    __2sprintf                               0x0800d521   Thumb Code     0  printfa.o(i.__0sprintf)
    __c89sprintf                             0x0800d521   Thumb Code     0  printfa.o(i.__0sprintf)
    sprintf                                  0x0800d521   Thumb Code     0  printfa.o(i.__0sprintf)
    __scatterload_copy                       0x0800d549   Thumb Code    14  handlers.o(i.__scatterload_copy)
    __scatterload_null                       0x0800d557   Thumb Code     2  handlers.o(i.__scatterload_null)
    __scatterload_zeroinit                   0x0800d559   Thumb Code    14  handlers.o(i.__scatterload_zeroinit)
    free                                     0x0800de25   Thumb Code    76  malloc.o(i.free)
    malloc                                   0x0800de75   Thumb Code    92  malloc.o(i.malloc)
    putchar                                  0x0800dee1   Thumb Code     6  putchar.o(i.putchar)
    puts                                     0x0800deed   Thumb Code    30  puts.o(i.puts)
    AHBPrescTable                            0x0800df10   Data          16  system_stm32u5xx.o(.rodata.AHBPrescTable)
    APBPrescTable                            0x0800df20   Data           8  system_stm32u5xx.o(.rodata.APBPrescTable)
    MSIRangeTable                            0x0800dfa8   Data          64  system_stm32u5xx.o(.rodata.MSIRangeTable)
    UARTPrescTable                           0x0800dfe8   Data          24  stm32u5xx_hal_uart.o(.rodata.UARTPrescTable)
    css_main_buff                            0x0800e000   Data       319461  css_main_res.o(.rodata.css_main_buff)
    css_main_buff_size                       0x0805bfe8   Data           4  css_main_res.o(.rodata.css_main_buff_size)
    css_shunk_buff                           0x0805bfec   Data       58985  css_shunk_res.o(.rodata.css_shunk_buff)
    css_shunk_buff_size                      0x0806a658   Data           4  css_shunk_res.o(.rodata.css_shunk_buff_size)
    favicon_buff                             0x0806a69c   Data        4126  favicon_res.o(.rodata.favicon_buff)
    favicon_buff_size                        0x0806b6bc   Data           4  favicon_res.o(.rodata.favicon_buff_size)
    font_buff                                0x0806b6c0   Data       80300  font_res.o(.rodata.font_buff)
    font_buff_size                           0x0807f06c   Data           4  font_res.o(.rodata.font_buff_size)
    html_buff                                0x0807f070   Data        2232  html_res.o(.rodata.html_buff)
    html_buff_size                           0x0807f928   Data           4  html_res.o(.rodata.html_buff_size)
    http_css_chunk_cmd                       0x0807f92c   Data          22  webserver_http_cmd.o(.rodata.http_css_chunk_cmd)
    http_css_chunk_cmd_size                  0x0807f944   Data           4  webserver_http_cmd.o(.rodata.http_css_chunk_cmd_size)
    http_css_main_cmd                        0x0807f948   Data          21  webserver_http_cmd.o(.rodata.http_css_main_cmd)
    http_css_main_cmd_size                   0x0807f960   Data           4  webserver_http_cmd.o(.rodata.http_css_main_cmd_size)
    http_favicon_cmd                         0x0807f964   Data          13  webserver_http_cmd.o(.rodata.http_favicon_cmd)
    http_favicon_cmd_size                    0x0807f974   Data           4  webserver_http_cmd.o(.rodata.http_favicon_cmd_size)
    http_font_cmd                            0x0807f978   Data          33  webserver_http_cmd.o(.rodata.http_font_cmd)
    http_font_cmd_size                       0x0807f99c   Data           4  webserver_http_cmd.o(.rodata.http_font_cmd_size)
    http_get_cmd                             0x0807f9a0   Data           6  webserver_http_cmd.o(.rodata.http_get_cmd)
    http_get_cmd_size                        0x0807f9a8   Data           4  webserver_http_cmd.o(.rodata.http_get_cmd_size)
    http_html_cmd                            0x0807f9ac   Data           2  webserver_http_cmd.o(.rodata.http_html_cmd)
    http_html_cmd_size                       0x0807f9b0   Data           4  webserver_http_cmd.o(.rodata.http_html_cmd_size)
    http_image_cmd                           0x0807f9b4   Data          28  webserver_http_cmd.o(.rodata.http_image_cmd)
    http_image_cmd_size                      0x0807f9d0   Data           4  webserver_http_cmd.o(.rodata.http_image_cmd_size)
    http_js_chunk_cmd                        0x0807f9d4   Data          20  webserver_http_cmd.o(.rodata.http_js_chunk_cmd)
    http_js_chunk_cmd_size                   0x0807f9e8   Data           4  webserver_http_cmd.o(.rodata.http_js_chunk_cmd_size)
    http_js_main_cmd                         0x0807f9ec   Data          19  webserver_http_cmd.o(.rodata.http_js_main_cmd)
    http_js_main_cmd_size                    0x0807fa00   Data           4  webserver_http_cmd.o(.rodata.http_js_main_cmd_size)
    http_json_cmd                            0x0807fa04   Data          15  webserver_http_cmd.o(.rodata.http_json_cmd)
    http_json_cmd_size                       0x0807fa14   Data           4  webserver_http_cmd.o(.rodata.http_json_cmd_size)
    http_read_humidity_cmd                   0x0807fa18   Data          15  webserver_http_cmd.o(.rodata.http_read_humidity_cmd)
    http_read_humidity_cmd_size              0x0807fa28   Data           4  webserver_http_cmd.o(.rodata.http_read_humidity_cmd_size)
    http_read_pressure_cmd                   0x0807fa2c   Data          15  webserver_http_cmd.o(.rodata.http_read_pressure_cmd)
    http_read_pressure_cmd_size              0x0807fa3c   Data           4  webserver_http_cmd.o(.rodata.http_read_pressure_cmd_size)
    http_read_temperature_cmd                0x0807fa40   Data          18  webserver_http_cmd.o(.rodata.http_read_temperature_cmd)
    http_read_temperature_cmd_size           0x0807fa54   Data           4  webserver_http_cmd.o(.rodata.http_read_temperature_cmd_size)
    image_buff                               0x0807fa58   Data       533440  image_res.o(.rodata.image_buff)
    image_buff_size                          0x08101e18   Data           4  image_res.o(.rodata.image_buff_size)
    js_main_buff                             0x08101e1c   Data       30895  js_main_res.o(.rodata.js_main_buff)
    js_main_buff_size                        0x081096cc   Data           4  js_main_res.o(.rodata.js_main_buff_size)
    js_shunk_buff                            0x081096d0   Data       484647  js_shunk_res.o(.rodata.js_shunk_buff)
    js_shunk_buff_size                       0x0817fbf8   Data           4  js_shunk_res.o(.rodata.js_shunk_buff_size)
    json_buff                                0x0817fbfc   Data         313  json_res.o(.rodata.json_buff)
    json_buff_size                           0x0817fd38   Data           4  json_res.o(.rodata.json_buff_size)
    Region$$Table$$Base                      0x081805dc   Number         0  anon$$obj.o(Region$$Table)
    Region$$Table$$Limit                     0x081805fc   Number         0  anon$$obj.o(Region$$Table)
    __stdout                                 0x20000000   Data           4  stdout.o(.data)
    __microlib_freelist                      0x20000004   Data           4  mvars.o(.data)
    __microlib_freelist_initialised          0x20000008   Data           4  mvars.o(.data)
    uwTickFreq                               0x2000000c   Data           1  stm32u5xx_hal.o(.data..L_MergedGlobals)
    uwTickPrio                               0x20000010   Data           4  stm32u5xx_hal.o(.data..L_MergedGlobals)
    HTS221_COMMON_Driver                     0x20000014   Data          16  hts221.o(.data.HTS221_COMMON_Driver)
    HTS221_HUM_Driver                        0x20000024   Data          20  hts221.o(.data.HTS221_HUM_Driver)
    HTS221_TEMP_Driver                       0x20000038   Data          20  hts221.o(.data.HTS221_TEMP_Driver)
    LPS22HH_COMMON_Driver                    0x2000004c   Data          16  lps22hh.o(.data.LPS22HH_COMMON_Driver)
    LPS22HH_PRESS_Driver                     0x2000005c   Data          20  lps22hh.o(.data.LPS22HH_PRESS_Driver)
    LPS22HH_TEMP_Driver                      0x20000070   Data          20  lps22hh.o(.data.LPS22HH_TEMP_Driver)
    SystemCoreClock                          0x20000084   Data           4  system_stm32u5xx.o(.data.SystemCoreClock)
    event_table                              0x20000088   Data          24  mx_wifi_ipc.o(.data.event_table)
    http_content_types                       0x200000a4   Data          28  webserver_http_cmd.o(.data.http_content_types)
    http_headers                             0x200000c0   Data          48  webserver_http_cmd.o(.data.http_headers)
    temperature_value                        0x200000f0   Data           4  webserver_http_response.o(.bss..L_MergedGlobals)
    pressure_value                           0x200000f4   Data           4  webserver_http_response.o(.bss..L_MergedGlobals)
    humidity_value                           0x200000f8   Data           4  webserver_http_response.o(.bss..L_MergedGlobals)
    sock                                     0x200000fc   Data           4  webserver_http_response.o(.bss..L_MergedGlobals)
    size                                     0x20000100   Data           4  webserver_http_response.o(.bss..L_MergedGlobals)
    newconn                                  0x20000104   Data           4  webserver_http_response.o(.bss..L_MergedGlobals)
    address                                  0x20000108   Data          16  webserver_http_response.o(.bss..L_MergedGlobals)
    remotehost                               0x20000118   Data          16  webserver_http_response.o(.bss..L_MergedGlobals)
    http_sensor_value                        0x20000128   Data          20  webserver_http_response.o(.bss..L_MergedGlobals)
    net_wifi_registred_hotspot               0x20000148   Data          16  webserver_wifi.o(.bss..L_MergedGlobals)
    SSID                                     0x20000158   Data          32  webserver_wifi.o(.bss..L_MergedGlobals)
    PassWord                                 0x20000178   Data          64  webserver_wifi.o(.bss..L_MergedGlobals)
    hbus_i2c1                                0x200001d8   Data          76  b_u585i_iot02a_bus.o(.bss..L_MergedGlobals)
    Env_Sensor_Ctx                           0x20000224   Data           8  b_u585i_iot02a_env_sensors.o(.bss..L_MergedGlobals)
    Env_Sensor_CompObj                       0x2000022c   Data           8  b_u585i_iot02a_env_sensors.o(.bss..L_MergedGlobals)
    Env_Sensor_Drv                           0x20000234   Data           8  b_u585i_iot02a_env_sensors.o(.bss..L_MergedGlobals)
    Env_Sensor_FuncDrv                       0x2000023c   Data          24  b_u585i_iot02a_env_sensors.o(.bss..L_MergedGlobals)
    Console_UARTHandle                       0x200016d8   Data         144  console.o(.bss.Console_UARTHandle)
    LPTIMHandle                              0x20002198   Data         144  system_config.o(.bss.LPTIMHandle)
    Wifi_SPIHandle                           0x20002c20   Data         144  webserver_wifi.o(.bss.Wifi_SPIHandle)
    handle_GPDMA1_Channel4                   0x20002cb0   Data         120  webserver_wifi.o(.bss.handle_GPDMA1_Channel4)
    handle_GPDMA1_Channel5                   0x20002d28   Data         120  webserver_wifi.o(.bss.handle_GPDMA1_Channel5)
    hbus_i2c2                                0x20002da0   Data          76  b_u585i_iot02a_bus.o(.bss.hbus_i2c2)
    http_header_response                     0x20002dec   Data         500  webserver_http_response.o(.bss.http_header_response)
    uwTick                                   0x200030f0   Data           4  stm32u5xx_hal.o(.bss.uwTick)
    __heap_base                              0x200030f8   Data           0  startup_stm32u585xx.o(HEAP)
    __heap_limit                             0x2000b0f8   Data           0  startup_stm32u585xx.o(HEAP)
    __initial_sp                             0x200130f8   Data           0  startup_stm32u585xx.o(STACK)



==============================================================================

Memory Map of the image

  Image Entry point : 0x08000235

  Load Region LR_IROM1 (Base: 0x08000000, Size: 0x001806f0, Max: 0x00200000, ABSOLUTE)

    Execution Region ER_IROM1 (Exec base: 0x08000000, Load base: 0x08000000, Size: 0x001805fc, Max: 0x00200000, ABSOLUTE)

    Exec Addr    Load Addr    Size         Type   Attr      Idx    E Section Name        Object

    0x08000000   0x08000000   0x00000234   Data   RO            3    RESET               startup_stm32u585xx.o
    0x08000234   0x08000234   0x00000000   Code   RO         3512  * .ARM.Collect$$$$00000000  mc_w.l(entry.o)
    0x08000234   0x08000234   0x00000004   Code   RO         3834    .ARM.Collect$$$$00000001  mc_w.l(entry2.o)
    0x08000238   0x08000238   0x00000004   Code   RO         3837    .ARM.Collect$$$$00000004  mc_w.l(entry5.o)
    0x0800023c   0x0800023c   0x00000000   Code   RO         3839    .ARM.Collect$$$$00000008  mc_w.l(entry7b.o)
    0x0800023c   0x0800023c   0x00000000   Code   RO         3841    .ARM.Collect$$$$0000000A  mc_w.l(entry8b.o)
    0x0800023c   0x0800023c   0x00000008   Code   RO         3842    .ARM.Collect$$$$0000000B  mc_w.l(entry9a.o)
    0x08000244   0x08000244   0x00000000   Code   RO         3844    .ARM.Collect$$$$0000000D  mc_w.l(entry10a.o)
    0x08000244   0x08000244   0x00000000   Code   RO         3846    .ARM.Collect$$$$0000000F  mc_w.l(entry11a.o)
    0x08000244   0x08000244   0x00000004   Code   RO         3835    .ARM.Collect$$$$00002712  mc_w.l(entry2.o)
    0x08000248   0x08000248   0x00000028   Code   RO            4    .text               startup_stm32u585xx.o
    0x08000270   0x08000270   0x00000062   Code   RO         3521    .text               mc_w.l(uldiv.o)
    0x080002d2   0x080002d2   0x00000024   Code   RO         3523    .text               mc_w.l(memcpya.o)
    0x080002f6   0x080002f6   0x00000024   Code   RO         3525    .text               mc_w.l(memseta.o)
    0x0800031a   0x0800031a   0x00000018   Code   RO         3527    .text               mc_w.l(strcat.o)
    0x08000332   0x08000332   0x00000018   Code   RO         3529    .text               mc_w.l(strncpy.o)
    0x0800034a   0x0800034a   0x0000000e   Code   RO         3531    .text               mc_w.l(strlen.o)
    0x08000358   0x08000358   0x0000001c   Code   RO         3533    .text               mc_w.l(strcmp.o)
    0x08000374   0x08000374   0x00000012   Code   RO         3535    .text               mc_w.l(strcpy.o)
    0x08000386   0x08000386   0x0000001e   Code   RO         3537    .text               mc_w.l(strncmp.o)
    0x080003a4   0x080003a4   0x0000001c   Code   RO         3830    .text               mc_w.l(calloc.o)
    0x080003c0   0x080003c0   0x00000026   Code   RO         3832    .text               mf_w.l(f2d.o)
    0x080003e6   0x080003e6   0x0000002c   Code   RO         3858    .text               mc_w.l(uidiv.o)
    0x08000412   0x08000412   0x0000001e   Code   RO         3860    .text               mc_w.l(llshl.o)
    0x08000430   0x08000430   0x00000020   Code   RO         3862    .text               mc_w.l(llushr.o)
    0x08000450   0x08000450   0x00000000   Code   RO         3866    .text               mc_w.l(iusefp.o)
    0x08000450   0x08000450   0x0000014e   Code   RO         3867    .text               mf_w.l(dadd.o)
    0x0800059e   0x0800059e   0x000000e4   Code   RO         3869    .text               mf_w.l(dmul.o)
    0x08000682   0x08000682   0x000000de   Code   RO         3871    .text               mf_w.l(ddiv.o)
    0x08000760   0x08000760   0x00000030   Code   RO         3873    .text               mf_w.l(dfixul.o)
    0x08000790   0x08000790   0x00000030   Code   RO         3875    .text               mf_w.l(cdrcmple.o)
    0x080007c0   0x080007c0   0x00000024   Code   RO         3877    .text               mc_w.l(init.o)
    0x080007e4   0x080007e4   0x00000024   Code   RO         3879    .text               mc_w.l(llsshr.o)
    0x08000808   0x08000808   0x000000ba   Code   RO         3881    .text               mf_w.l(depilogue.o)
    0x080008c2   0x080008c2   0x00000002   PAD
    0x080008c4   0x080008c4   0x0000003e   Code   RO          495    .text.BSP_ENV_SENSOR_DeInit  b_u585i_iot02a_env_sensors.o
    0x08000902   0x08000902   0x00000002   PAD
    0x08000904   0x08000904   0x0000006a   Code   RO          501    .text.BSP_ENV_SENSOR_Enable  b_u585i_iot02a_env_sensors.o
    0x0800096e   0x0800096e   0x00000002   PAD
    0x08000970   0x08000970   0x0000006e   Code   RO          505    .text.BSP_ENV_SENSOR_GetOutputDataRate  b_u585i_iot02a_env_sensors.o
    0x080009de   0x080009de   0x00000002   PAD
    0x080009e0   0x080009e0   0x0000006e   Code   RO          509    .text.BSP_ENV_SENSOR_GetValue  b_u585i_iot02a_env_sensors.o
    0x08000a4e   0x08000a4e   0x00000002   PAD
    0x08000a50   0x08000a50   0x000001ac   Code   RO          493    .text.BSP_ENV_SENSOR_Init  b_u585i_iot02a_env_sensors.o
    0x08000bfc   0x08000bfc   0x0000006a   Code   RO          507    .text.BSP_ENV_SENSOR_SetOutputDataRate  b_u585i_iot02a_env_sensors.o
    0x08000c66   0x08000c66   0x00000002   PAD
    0x08000c68   0x08000c68   0x00000004   Code   RO          479    .text.BSP_GetTick   b_u585i_iot02a_bus.o
    0x08000c6c   0x08000c6c   0x00000054   Code   RO          463    .text.BSP_I2C2_DeInit  b_u585i_iot02a_bus.o
    0x08000cc0   0x08000cc0   0x000000fc   Code   RO          459    .text.BSP_I2C2_Init  b_u585i_iot02a_bus.o
    0x08000dbc   0x08000dbc   0x0000004e   Code   RO          467    .text.BSP_I2C2_ReadReg  b_u585i_iot02a_bus.o
    0x08000e0a   0x08000e0a   0x00000002   PAD
    0x08000e0c   0x08000e0c   0x0000004e   Code   RO          465    .text.BSP_I2C2_WriteReg  b_u585i_iot02a_bus.o
    0x08000e5a   0x08000e5a   0x00000002   PAD
    0x08000e5c   0x08000e5c   0x00000030   Code   RO          405    .text.BSP_LED_DeInit  b_u585i_iot02a.o
    0x08000e8c   0x08000e8c   0x0000006e   Code   RO          403    .text.BSP_LED_Init  b_u585i_iot02a.o
    0x08000efa   0x08000efa   0x00000002   PAD
    0x08000efc   0x08000efc   0x00000026   Code   RO          407    .text.BSP_LED_On    b_u585i_iot02a.o
    0x08000f22   0x08000f22   0x00000002   PAD
    0x08000f24   0x08000f24   0x00000024   Code   RO          411    .text.BSP_LED_Toggle  b_u585i_iot02a.o
    0x08000f48   0x08000f48   0x00000002   Code   RO           78    .text.BusFault_Handler  stm32u5xx_it.o
    0x08000f4a   0x08000f4a   0x00000002   PAD
    0x08000f4c   0x08000f4c   0x00000002   Code   RO           86    .text.DebugMon_Handler  stm32u5xx_it.o
    0x08000f4e   0x08000f4e   0x00000002   PAD
    0x08000f50   0x08000f50   0x00000008   Code   RO           94    .text.EXTI14_IRQHandler  stm32u5xx_it.o
    0x08000f58   0x08000f58   0x00000008   Code   RO           96    .text.EXTI15_IRQHandler  stm32u5xx_it.o
    0x08000f60   0x08000f60   0x0000000c   Code   RO           98    .text.GPDMA1_Channel4_IRQHandler  stm32u5xx_it.o
    0x08000f6c   0x08000f6c   0x0000000c   Code   RO          100    .text.GPDMA1_Channel5_IRQHandler  stm32u5xx_it.o
    0x08000f78   0x08000f78   0x000000ae   Code   RO         2153    .text.HAL_DMA_Abort  stm32u5xx_hal_dma.o
    0x08001026   0x08001026   0x00000002   PAD
    0x08001028   0x08001028   0x00000030   Code   RO         2155    .text.HAL_DMA_Abort_IT  stm32u5xx_hal_dma.o
    0x08001058   0x08001058   0x00000004   Code   RO         2167    .text.HAL_DMA_GetError  stm32u5xx_hal_dma.o
    0x0800105c   0x0800105c   0x000001c2   Code   RO         2159    .text.HAL_DMA_IRQHandler  stm32u5xx_hal_dma.o
    0x0800121e   0x0800121e   0x00000002   PAD
    0x08001220   0x08001220   0x00000592   Code   RO         2145    .text.HAL_DMA_Init  stm32u5xx_hal_dma.o
    0x080017b2   0x080017b2   0x00000002   PAD
    0x080017b4   0x080017b4   0x00000028   Code   RO         2041    .text.HAL_Delay     stm32u5xx_hal.o
    0x080017dc   0x080017dc   0x0000018a   Code   RO         2294    .text.HAL_GPIO_DeInit  stm32u5xx_hal_gpio.o
    0x08001966   0x08001966   0x00000002   PAD
    0x08001968   0x08001968   0x00000002   Code   RO         2312    .text.HAL_GPIO_EXTI_Falling_Callback  stm32u5xx_hal_gpio.o
    0x0800196a   0x0800196a   0x00000002   PAD
    0x0800196c   0x0800196c   0x0000002e   Code   RO         2308    .text.HAL_GPIO_EXTI_IRQHandler  stm32u5xx_hal_gpio.o
    0x0800199a   0x0800199a   0x00000002   PAD
    0x0800199c   0x0800199c   0x00000020   Code   RO          317    .text.HAL_GPIO_EXTI_Rising_Callback  webserver_wifi.o
    0x080019bc   0x080019bc   0x00000216   Code   RO         2292    .text.HAL_GPIO_Init  stm32u5xx_hal_gpio.o
    0x08001bd2   0x08001bd2   0x00000002   PAD
    0x08001bd4   0x08001bd4   0x0000000a   Code   RO         2296    .text.HAL_GPIO_ReadPin  stm32u5xx_hal_gpio.o
    0x08001bde   0x08001bde   0x00000002   PAD
    0x08001be0   0x08001be0   0x00000010   Code   RO         2300    .text.HAL_GPIO_TogglePin  stm32u5xx_hal_gpio.o
    0x08001bf0   0x08001bf0   0x0000000c   Code   RO         2298    .text.HAL_GPIO_WritePin  stm32u5xx_hal_gpio.o
    0x08001bfc   0x08001bfc   0x0000000c   Code   RO         2033    .text.HAL_GetTick   stm32u5xx_hal.o
    0x08001c08   0x08001c08   0x0000004a   Code   RO         2475    .text.HAL_I2CEx_ConfigAnalogFilter  stm32u5xx_hal_i2c_ex.o
    0x08001c52   0x08001c52   0x00000002   PAD
    0x08001c54   0x08001c54   0x00000048   Code   RO         2477    .text.HAL_I2CEx_ConfigDigitalFilter  stm32u5xx_hal_i2c_ex.o
    0x08001c9c   0x08001c9c   0x00000036   Code   RO         2327    .text.HAL_I2C_DeInit  stm32u5xx_hal_i2c.o
    0x08001cd2   0x08001cd2   0x00000002   PAD
    0x08001cd4   0x08001cd4   0x00000004   Code   RO         2453    .text.HAL_I2C_GetError  stm32u5xx_hal_i2c.o
    0x08001cd8   0x08001cd8   0x00000006   Code   RO         2449    .text.HAL_I2C_GetState  stm32u5xx_hal_i2c.o
    0x08001cde   0x08001cde   0x00000002   PAD
    0x08001ce0   0x08001ce0   0x000000a0   Code   RO         2323    .text.HAL_I2C_Init  stm32u5xx_hal_i2c.o
    0x08001d80   0x08001d80   0x0000025c   Code   RO         2385    .text.HAL_I2C_Mem_Read  stm32u5xx_hal_i2c.o
    0x08001fdc   0x08001fdc   0x00000220   Code   RO         2381    .text.HAL_I2C_Mem_Write  stm32u5xx_hal_i2c.o
    0x080021fc   0x080021fc   0x00000002   Code   RO         2329    .text.HAL_I2C_MspDeInit  stm32u5xx_hal_i2c.o
    0x080021fe   0x080021fe   0x00000002   PAD
    0x08002200   0x08002200   0x00000002   Code   RO         2325    .text.HAL_I2C_MspInit  stm32u5xx_hal_i2c.o
    0x08002202   0x08002202   0x00000002   PAD
    0x08002204   0x08002204   0x00000020   Code   RO         2499    .text.HAL_ICACHE_ConfigAssociativityMode  stm32u5xx_hal_icache.o
    0x08002224   0x08002224   0x00000014   Code   RO         2511    .text.HAL_ICACHE_Enable  stm32u5xx_hal_icache.o
    0x08002238   0x08002238   0x0000001a   Code   RO         2031    .text.HAL_IncTick   stm32u5xx_hal.o
    0x08002252   0x08002252   0x00000002   PAD
    0x08002254   0x08002254   0x00000046   Code   RO         2021    .text.HAL_Init      stm32u5xx_hal.o
    0x0800229a   0x0800229a   0x00000002   PAD
    0x0800229c   0x0800229c   0x0000004e   Code   RO         2023    .text.HAL_InitTick  stm32u5xx_hal.o
    0x080022ea   0x080022ea   0x00000002   PAD
    0x080022ec   0x080022ec   0x00000002   Code   RO         2643    .text.HAL_LPTIM_AutoReloadMatchCallback  stm32u5xx_hal_lptim.o
    0x080022ee   0x080022ee   0x00000002   PAD
    0x080022f0   0x080022f0   0x00000002   Code   RO         2649    .text.HAL_LPTIM_AutoReloadWriteCallback  stm32u5xx_hal_lptim.o
    0x080022f2   0x080022f2   0x00000002   PAD
    0x080022f4   0x080022f4   0x00000002   Code   RO         2641    .text.HAL_LPTIM_CompareMatchCallback  stm32u5xx_hal_lptim.o
    0x080022f6   0x080022f6   0x00000002   PAD
    0x080022f8   0x080022f8   0x00000002   Code   RO         2647    .text.HAL_LPTIM_CompareWriteCallback  stm32u5xx_hal_lptim.o
    0x080022fa   0x080022fa   0x00000002   PAD
    0x080022fc   0x080022fc   0x00000002   Code   RO         2653    .text.HAL_LPTIM_DirectionDownCallback  stm32u5xx_hal_lptim.o
    0x080022fe   0x080022fe   0x00000002   PAD
    0x08002300   0x08002300   0x00000002   Code   RO         2651    .text.HAL_LPTIM_DirectionUpCallback  stm32u5xx_hal_lptim.o
    0x08002302   0x08002302   0x00000002   PAD
    0x08002304   0x08002304   0x00000002   Code   RO         2667    .text.HAL_LPTIM_ErrorCallback  stm32u5xx_hal_lptim.o
    0x08002306   0x08002306   0x00000002   PAD
    0x08002308   0x08002308   0x00000002   Code   RO         2659    .text.HAL_LPTIM_IC_CaptureCallback  stm32u5xx_hal_lptim.o
    0x0800230a   0x0800230a   0x00000002   PAD
    0x0800230c   0x0800230c   0x00000002   Code   RO         2663    .text.HAL_LPTIM_IC_CaptureHalfCpltCallback  stm32u5xx_hal_lptim.o
    0x0800230e   0x0800230e   0x00000002   PAD
    0x08002310   0x08002310   0x00000002   Code   RO         2661    .text.HAL_LPTIM_IC_OverCaptureCallback  stm32u5xx_hal_lptim.o
    0x08002312   0x08002312   0x00000002   PAD
    0x08002314   0x08002314   0x000001f6   Code   RO         2639    .text.HAL_LPTIM_IRQHandler  stm32u5xx_hal_lptim.o
    0x0800250a   0x0800250a   0x00000002   PAD
    0x0800250c   0x0800250c   0x00000266   Code   RO         2543    .text.HAL_LPTIM_Init  stm32u5xx_hal_lptim.o
    0x08002772   0x08002772   0x00000002   PAD
    0x08002774   0x08002774   0x00000078   Code   RO           62    .text.HAL_LPTIM_MspInit  stm32u5xx_hal_msp.o
    0x080027ec   0x080027ec   0x00000172   Code   RO         2635    .text.HAL_LPTIM_OC_ConfigChannel  stm32u5xx_hal_lptim.o
    0x0800295e   0x0800295e   0x00000002   PAD
    0x08002960   0x08002960   0x00000152   Code   RO         2555    .text.HAL_LPTIM_PWM_Start_IT  stm32u5xx_hal_lptim.o
    0x08002ab2   0x08002ab2   0x00000002   PAD
    0x08002ab4   0x08002ab4   0x000000e2   Code   RO         2669    .text.HAL_LPTIM_RegisterCallback  stm32u5xx_hal_lptim.o
    0x08002b96   0x08002b96   0x00000002   PAD
    0x08002b98   0x08002b98   0x00000002   Code   RO         2657    .text.HAL_LPTIM_RepCounterWriteCallback  stm32u5xx_hal_lptim.o
    0x08002b9a   0x08002b9a   0x00000002   PAD
    0x08002b9c   0x08002b9c   0x00000002   Code   RO         2645    .text.HAL_LPTIM_TriggerCallback  stm32u5xx_hal_lptim.o
    0x08002b9e   0x08002b9e   0x00000002   PAD
    0x08002ba0   0x08002ba0   0x00000002   Code   RO         2655    .text.HAL_LPTIM_UpdateEventCallback  stm32u5xx_hal_lptim.o
    0x08002ba2   0x08002ba2   0x00000002   PAD
    0x08002ba4   0x08002ba4   0x00000002   Code   RO         2665    .text.HAL_LPTIM_UpdateEventHalfCpltCallback  stm32u5xx_hal_lptim.o
    0x08002ba6   0x08002ba6   0x00000002   PAD
    0x08002ba8   0x08002ba8   0x00000050   Code   RO           52    .text.HAL_MspInit   stm32u5xx_hal_msp.o
    0x08002bf8   0x08002bf8   0x00000020   Code   RO         2101    .text.HAL_NVIC_EnableIRQ  stm32u5xx_hal_cortex.o
    0x08002c18   0x08002c18   0x00000056   Code   RO         2099    .text.HAL_NVIC_SetPriority  stm32u5xx_hal_cortex.o
    0x08002c6e   0x08002c6e   0x00000002   PAD
    0x08002c70   0x08002c70   0x00000020   Code   RO         2097    .text.HAL_NVIC_SetPriorityGrouping  stm32u5xx_hal_cortex.o
    0x08002c90   0x08002c90   0x000000e2   Code   RO         2729    .text.HAL_PWREx_ControlVoltageScaling  stm32u5xx_hal_pwr_ex.o
    0x08002d72   0x08002d72   0x00000002   PAD
    0x08002d74   0x08002d74   0x00000012   Code   RO         2799    .text.HAL_PWREx_DisableUCPDDeadBattery  stm32u5xx_hal_pwr_ex.o
    0x08002d86   0x08002d86   0x00000002   PAD
    0x08002d88   0x08002d88   0x00000012   Code   RO         2765    .text.HAL_PWREx_EnableVddIO2  stm32u5xx_hal_pwr_ex.o
    0x08002d9a   0x08002d9a   0x00000002   PAD
    0x08002d9c   0x08002d9c   0x00000010   Code   RO         2731    .text.HAL_PWREx_GetVoltageRange  stm32u5xx_hal_pwr_ex.o
    0x08002dac   0x08002dac   0x00000198   Code   RO         2909    .text.HAL_RCCEx_GetPLL1ClockFreq  stm32u5xx_hal_rcc_ex.o
    0x08002f44   0x08002f44   0x00000198   Code   RO         2911    .text.HAL_RCCEx_GetPLL2ClockFreq  stm32u5xx_hal_rcc_ex.o
    0x080030dc   0x080030dc   0x00000198   Code   RO         2913    .text.HAL_RCCEx_GetPLL3ClockFreq  stm32u5xx_hal_rcc_ex.o
    0x08003274   0x08003274   0x00000902   Code   RO         2915    .text.HAL_RCCEx_GetPeriphCLKFreq  stm32u5xx_hal_rcc_ex.o
    0x08003b76   0x08003b76   0x00000002   PAD
    0x08003b78   0x08003b78   0x00000656   Code   RO         2901    .text.HAL_RCCEx_PeriphCLKConfig  stm32u5xx_hal_rcc_ex.o
    0x080041ce   0x080041ce   0x00000002   PAD
    0x080041d0   0x080041d0   0x000002fe   Code   RO         2865    .text.HAL_RCC_ClockConfig  stm32u5xx_hal_rcc.o
    0x080044ce   0x080044ce   0x00000002   PAD
    0x080044d0   0x080044d0   0x0000002c   Code   RO         2863    .text.HAL_RCC_GetHCLKFreq  stm32u5xx_hal_rcc.o
    0x080044fc   0x080044fc   0x0000003e   Code   RO         2871    .text.HAL_RCC_GetPCLK1Freq  stm32u5xx_hal_rcc.o
    0x0800453a   0x0800453a   0x00000002   PAD
    0x0800453c   0x0800453c   0x0000003e   Code   RO         2873    .text.HAL_RCC_GetPCLK2Freq  stm32u5xx_hal_rcc.o
    0x0800457a   0x0800457a   0x00000002   PAD
    0x0800457c   0x0800457c   0x0000003e   Code   RO         2875    .text.HAL_RCC_GetPCLK3Freq  stm32u5xx_hal_rcc.o
    0x080045ba   0x080045ba   0x00000002   PAD
    0x080045bc   0x080045bc   0x00000110   Code   RO         2867    .text.HAL_RCC_GetSysClockFreq  stm32u5xx_hal_rcc.o
    0x080046cc   0x080046cc   0x00000b48   Code   RO         2861    .text.HAL_RCC_OscConfig  stm32u5xx_hal_rcc.o
    0x08005214   0x08005214   0x00000002   Code   RO          342    .text.HAL_SPI_ErrorCallback  net_conf_mxchip_spi.o
    0x08005216   0x08005216   0x00000002   PAD
    0x08005218   0x08005218   0x0000027c   Code   RO         3051    .text.HAL_SPI_IRQHandler  stm32u5xx_hal_spi.o
    0x08005494   0x08005494   0x0000015c   Code   RO         2981    .text.HAL_SPI_Init  stm32u5xx_hal_spi.o
    0x080055f0   0x080055f0   0x00000172   Code   RO           54    .text.HAL_SPI_MspInit  stm32u5xx_hal_msp.o
    0x08005762   0x08005762   0x00000002   PAD
    0x08005764   0x08005764   0x000002ee   Code   RO         2993    .text.HAL_SPI_Receive  stm32u5xx_hal_spi.o
    0x08005a52   0x08005a52   0x00000002   PAD
    0x08005a54   0x08005a54   0x0000001a   Code   RO          319    .text.HAL_SPI_RxCpltCallback  webserver_wifi.o
    0x08005a6e   0x08005a6e   0x00000002   PAD
    0x08005a70   0x08005a70   0x00000010   Code   RO          340    .text.HAL_SPI_TransferCallback  net_conf_mxchip_spi.o
    0x08005a80   0x08005a80   0x000002ec   Code   RO         2989    .text.HAL_SPI_Transmit  stm32u5xx_hal_spi.o
    0x08005d6c   0x08005d6c   0x0000044c   Code   RO         2995    .text.HAL_SPI_TransmitReceive  stm32u5xx_hal_spi.o
    0x080061b8   0x080061b8   0x0000001a   Code   RO          321    .text.HAL_SPI_TxCpltCallback  webserver_wifi.o
    0x080061d2   0x080061d2   0x00000002   PAD
    0x080061d4   0x080061d4   0x0000001a   Code   RO          323    .text.HAL_SPI_TxRxCpltCallback  webserver_wifi.o
    0x080061ee   0x080061ee   0x00000002   PAD
    0x080061f0   0x080061f0   0x0000008e   Code   RO         2123    .text.HAL_SYSTICK_CLKSourceConfig  stm32u5xx_hal_cortex.o
    0x0800627e   0x0800627e   0x00000002   PAD
    0x08006280   0x08006280   0x0000002c   Code   RO         2109    .text.HAL_SYSTICK_Config  stm32u5xx_hal_cortex.o
    0x080062ac   0x080062ac   0x00000036   Code   RO         3240    .text.HAL_UARTEx_DisableFifoMode  stm32u5xx_hal_uart_ex.o
    0x080062e2   0x080062e2   0x00000002   PAD
    0x080062e4   0x080062e4   0x00000132   Code   RO         3143    .text.HAL_UART_AbortReceive  stm32u5xx_hal_uart.o
    0x08006416   0x08006416   0x00000002   PAD
    0x08006418   0x08006418   0x000000ca   Code   RO         3081    .text.HAL_UART_Init  stm32u5xx_hal_uart.o
    0x080064e2   0x080064e2   0x00000002   PAD
    0x080064e4   0x080064e4   0x0000007c   Code   RO           58    .text.HAL_UART_MspInit  stm32u5xx_hal_msp.o
    0x08006560   0x08006560   0x00000118   Code   RO         3105    .text.HAL_UART_Receive  stm32u5xx_hal_uart.o
    0x08006678   0x08006678   0x000000f2   Code   RO         3101    .text.HAL_UART_Transmit  stm32u5xx_hal_uart.o
    0x0800676a   0x0800676a   0x00000002   PAD
    0x0800676c   0x0800676c   0x00000054   Code   RO          523    .text.HTS221_DeInit  hts221.o
    0x080067c0   0x080067c0   0x00000018   Code   RO          527    .text.HTS221_GetCapabilities  hts221.o
    0x080067d8   0x080067d8   0x00000032   Code   RO          531    .text.HTS221_HUM_Disable  hts221.o
    0x0800680a   0x0800680a   0x00000002   PAD
    0x0800680c   0x0800680c   0x00000030   Code   RO          529    .text.HTS221_HUM_Enable  hts221.o
    0x0800683c   0x0800683c   0x000000b0   Code   RO          537    .text.HTS221_HUM_GetHumidity  hts221.o
    0x080068ec   0x080068ec   0x00000038   Code   RO          533    .text.HTS221_HUM_GetOutputDataRate  hts221.o
    0x08006924   0x08006924   0x00000034   Code   RO          535    .text.HTS221_HUM_SetOutputDataRate  hts221.o
    0x08006958   0x08006958   0x0000003e   Code   RO          521    .text.HTS221_Init   hts221.o
    0x08006996   0x08006996   0x00000002   PAD
    0x08006998   0x08006998   0x00000012   Code   RO          525    .text.HTS221_ReadID  hts221.o
    0x080069aa   0x080069aa   0x00000002   PAD
    0x080069ac   0x080069ac   0x0000003e   Code   RO          549    .text.HTS221_RegisterBusIO  hts221.o
    0x080069ea   0x080069ea   0x00000002   PAD
    0x080069ec   0x080069ec   0x00000032   Code   RO          541    .text.HTS221_TEMP_Disable  hts221.o
    0x08006a1e   0x08006a1e   0x00000002   PAD
    0x08006a20   0x08006a20   0x00000030   Code   RO          539    .text.HTS221_TEMP_Enable  hts221.o
    0x08006a50   0x08006a50   0x00000038   Code   RO          543    .text.HTS221_TEMP_GetOutputDataRate  hts221.o
    0x08006a88   0x08006a88   0x00000096   Code   RO          547    .text.HTS221_TEMP_GetTemperature  hts221.o
    0x08006b1e   0x08006b1e   0x00000002   PAD
    0x08006b20   0x08006b20   0x00000034   Code   RO          545    .text.HTS221_TEMP_SetOutputDataRate  hts221.o
    0x08006b54   0x08006b54   0x00000002   Code   RO           74    .text.HardFault_Handler  stm32u5xx_it.o
    0x08006b56   0x08006b56   0x00000002   PAD
    0x08006b58   0x08006b58   0x0000032c   Code   RO          441    .text.I2C_GetTiming  b_u585i_iot02a_bus.o
    0x08006e84   0x08006e84   0x00000156   Code   RO         2465    .text.I2C_IsErrorOccurred  stm32u5xx_hal_i2c.o
    0x08006fda   0x08006fda   0x00000002   PAD
    0x08006fdc   0x08006fdc   0x000000d6   Code   RO         2387    .text.I2C_RequestMemoryRead  stm32u5xx_hal_i2c.o
    0x080070b2   0x080070b2   0x00000002   PAD
    0x080070b4   0x080070b4   0x000000da   Code   RO         2383    .text.I2C_RequestMemoryWrite  stm32u5xx_hal_i2c.o
    0x0800718e   0x0800718e   0x00000002   PAD
    0x08007190   0x08007190   0x0000006c   Code   RO         2337    .text.I2C_WaitOnSTOPFlagUntilTimeout  stm32u5xx_hal_i2c.o
    0x080071fc   0x080071fc   0x0000008c   Code   RO         2335    .text.I2C_WaitOnTXISFlagUntilTimeout  stm32u5xx_hal_i2c.o
    0x08007288   0x08007288   0x0000006e   Code   RO         1515    .text.LPS22HH_DeInit  lps22hh.o
    0x080072f6   0x080072f6   0x00000002   PAD
    0x080072f8   0x080072f8   0x00000018   Code   RO         1519    .text.LPS22HH_GetCapabilities  lps22hh.o
    0x08007310   0x08007310   0x00000060   Code   RO         1513    .text.LPS22HH_Init  lps22hh.o
    0x08007370   0x08007370   0x00000042   Code   RO         1523    .text.LPS22HH_PRESS_Disable  lps22hh.o
    0x080073b2   0x080073b2   0x00000002   PAD
    0x080073b4   0x080073b4   0x0000002c   Code   RO         1521    .text.LPS22HH_PRESS_Enable  lps22hh.o
    0x080073e0   0x080073e0   0x00000038   Code   RO         1525    .text.LPS22HH_PRESS_GetOutputDataRate  lps22hh.o
    0x08007418   0x08007418   0x0000002e   Code   RO         1529    .text.LPS22HH_PRESS_GetPressure  lps22hh.o
    0x08007446   0x08007446   0x00000002   PAD
    0x08007448   0x08007448   0x00000144   Code   RO         1527    .text.LPS22HH_PRESS_SetOutputDataRate  lps22hh.o
    0x0800758c   0x0800758c   0x00000012   Code   RO         1517    .text.LPS22HH_ReadID  lps22hh.o
    0x0800759e   0x0800759e   0x00000002   PAD
    0x080075a0   0x080075a0   0x0000007e   Code   RO         1541    .text.LPS22HH_RegisterBusIO  lps22hh.o
    0x0800761e   0x0800761e   0x00000002   PAD
    0x08007620   0x08007620   0x00000042   Code   RO         1533    .text.LPS22HH_TEMP_Disable  lps22hh.o
    0x08007662   0x08007662   0x00000002   PAD
    0x08007664   0x08007664   0x0000002c   Code   RO         1531    .text.LPS22HH_TEMP_Enable  lps22hh.o
    0x08007690   0x08007690   0x00000038   Code   RO         1535    .text.LPS22HH_TEMP_GetOutputDataRate  lps22hh.o
    0x080076c8   0x080076c8   0x00000032   Code   RO         1539    .text.LPS22HH_TEMP_GetTemperature  lps22hh.o
    0x080076fa   0x080076fa   0x00000002   PAD
    0x080076fc   0x080076fc   0x00000144   Code   RO         1537    .text.LPS22HH_TEMP_SetOutputDataRate  lps22hh.o
    0x08007840   0x08007840   0x0000000c   Code   RO          102    .text.LPTIM1_IRQHandler  stm32u5xx_it.o
    0x0800784c   0x0800784c   0x00000006   Code   RO          117    .text.LPTIM_UpdateEventCallback  system_config.o
    0x08007852   0x08007852   0x00000002   PAD
    0x08007854   0x08007854   0x00000048   Code   RO          461    .text.MX_I2C2_Init  b_u585i_iot02a_bus.o
    0x0800789c   0x0800789c   0x0000013c   Code   RO         1795    .text.MX_WIFI_Connect  mx_wifi.o
    0x080079d8   0x080079d8   0x00000034   Code   RO         1773    .text.MX_WIFI_DeInit  mx_wifi.o
    0x08007a0c   0x08007a0c   0x00000044   Code   RO         1801    .text.MX_WIFI_Disconnect  mx_wifi.o
    0x08007a50   0x08007a50   0x00000080   Code   RO         1809    .text.MX_WIFI_GetIPAddress  mx_wifi.o
    0x08007ad0   0x08007ad0   0x0000001e   Code   RO         1781    .text.MX_WIFI_GetMACAddress  mx_wifi.o
    0x08007aee   0x08007aee   0x00000002   PAD
    0x08007af0   0x08007af0   0x0000003c   Code   RO         1785    .text.MX_WIFI_Get_scan_result  mx_wifi.o
    0x08007b2c   0x08007b2c   0x0000001c   Code   RO         1763    .text.MX_WIFI_HardResetModule  mx_wifi.o
    0x08007b48   0x08007b48   0x00000004   Code   RO          356    .text.MX_WIFI_IO_DELAY  net_conf_mxchip_spi.o
    0x08007b4c   0x08007b4c   0x00000012   Code   RO         1769    .text.MX_WIFI_IO_YIELD  mx_wifi.o
    0x08007b5e   0x08007b5e   0x00000002   PAD
    0x08007b60   0x08007b60   0x00000100   Code   RO         1771    .text.MX_WIFI_Init  mx_wifi.o
    0x08007c60   0x08007c60   0x0000003a   Code   RO         1761    .text.MX_WIFI_RegisterBusIO  mx_wifi.o
    0x08007c9a   0x08007c9a   0x00000002   PAD
    0x08007c9c   0x08007c9c   0x00000014   Code   RO         1787    .text.MX_WIFI_RegisterStatusCallback  mx_wifi.o
    0x08007cb0   0x08007cb0   0x00000004   Code   RO          354    .text.MX_WIFI_SPI_DeInit  net_conf_mxchip_spi.o
    0x08007cb4   0x08007cb4   0x0000004c   Code   RO          338    .text.MX_WIFI_SPI_Init  net_conf_mxchip_spi.o
    0x08007d00   0x08007d00   0x00000004   Code   RO          358    .text.MX_WIFI_SPI_Read  net_conf_mxchip_spi.o
    0x08007d04   0x08007d04   0x0000002e   Code   RO          346    .text.MX_WIFI_SPI_Write  net_conf_mxchip_spi.o
    0x08007d32   0x08007d32   0x00000002   PAD
    0x08007d34   0x08007d34   0x0000009e   Code   RO         1783    .text.MX_WIFI_Scan  mx_wifi.o
    0x08007dd2   0x08007dd2   0x00000002   PAD
    0x08007dd4   0x08007dd4   0x00000068   Code   RO         1831    .text.MX_WIFI_Socket_accept  mx_wifi.o
    0x08007e3c   0x08007e3c   0x00000064   Code   RO         1827    .text.MX_WIFI_Socket_bind  mx_wifi.o
    0x08007ea0   0x08007ea0   0x00000046   Code   RO         1837    .text.MX_WIFI_Socket_close  mx_wifi.o
    0x08007ee6   0x08007ee6   0x00000002   PAD
    0x08007ee8   0x08007ee8   0x00000064   Code   RO         1833    .text.MX_WIFI_Socket_connect  mx_wifi.o
    0x08007f4c   0x08007f4c   0x0000003c   Code   RO         1821    .text.MX_WIFI_Socket_create  mx_wifi.o
    0x08007f88   0x08007f88   0x00000098   Code   RO         1847    .text.MX_WIFI_Socket_gethostbyname  mx_wifi.o
    0x08008020   0x08008020   0x00000076   Code   RO         1851    .text.MX_WIFI_Socket_getpeername  mx_wifi.o
    0x08008096   0x08008096   0x00000002   PAD
    0x08008098   0x08008098   0x00000076   Code   RO         1853    .text.MX_WIFI_Socket_getsockname  mx_wifi.o
    0x0800810e   0x0800810e   0x00000002   PAD
    0x08008110   0x08008110   0x0000006e   Code   RO         1825    .text.MX_WIFI_Socket_getsockopt  mx_wifi.o
    0x0800817e   0x0800817e   0x00000002   PAD
    0x08008180   0x08008180   0x00000048   Code   RO         1829    .text.MX_WIFI_Socket_listen  mx_wifi.o
    0x080081c8   0x080081c8   0x000000b0   Code   RO         1849    .text.MX_WIFI_Socket_ping  mx_wifi.o
    0x08008278   0x08008278   0x00000086   Code   RO         1843    .text.MX_WIFI_Socket_recv  mx_wifi.o
    0x080082fe   0x080082fe   0x00000002   PAD
    0x08008300   0x08008300   0x000000c4   Code   RO         1845    .text.MX_WIFI_Socket_recvfrom  mx_wifi.o
    0x080083c4   0x080083c4   0x0000008a   Code   RO         1839    .text.MX_WIFI_Socket_send  mx_wifi.o
    0x0800844e   0x0800844e   0x00000002   PAD
    0x08008450   0x08008450   0x000000be   Code   RO         1841    .text.MX_WIFI_Socket_sendto  mx_wifi.o
    0x0800850e   0x0800850e   0x00000002   PAD
    0x08008510   0x08008510   0x00000078   Code   RO         1823    .text.MX_WIFI_Socket_setsockopt  mx_wifi.o
    0x08008588   0x08008588   0x00000048   Code   RO         1835    .text.MX_WIFI_Socket_shutdown  mx_wifi.o
    0x080085d0   0x080085d0   0x0000007a   Code   RO         1817    .text.MX_WIFI_StartAP  mx_wifi.o
    0x0800864a   0x0800864a   0x00000002   PAD
    0x0800864c   0x0800864c   0x0000003e   Code   RO         1819    .text.MX_WIFI_StopAP  mx_wifi.o
    0x0800868a   0x0800868a   0x00000002   PAD
    0x0800868c   0x0800868c   0x00000006   Code   RO         1803    .text.MX_WIFI_WPS_Connect  mx_wifi.o
    0x08008692   0x08008692   0x00000002   PAD
    0x08008694   0x08008694   0x00000006   Code   RO         1805    .text.MX_WIFI_WPS_Stop  mx_wifi.o
    0x0800869a   0x0800869a   0x00000002   PAD
    0x0800869c   0x0800869c   0x00000002   Code   RO           76    .text.MemManage_Handler  stm32u5xx_it.o
    0x0800869e   0x0800869e   0x00000002   PAD
    0x080086a0   0x080086a0   0x00000002   Code   RO           72    .text.NMI_Handler   stm32u5xx_it.o
    0x080086a2   0x080086a2   0x00000002   PAD
    0x080086a4   0x080086a4   0x00000160   Code   RO          383    .text.NetInterfaceConnect  net_interface.o
    0x08008804   0x08008804   0x000000cc   Code   RO          379    .text.NetInterfaceOn  net_interface.o
    0x080088d0   0x080088d0   0x000000fc   Code   RO          375    .text.NetWifiGetDefaultStation  net_interface.o
    0x080089cc   0x080089cc   0x00000002   Code   RO           88    .text.PendSV_Handler  stm32u5xx_it.o
    0x080089ce   0x080089ce   0x00000002   PAD
    0x080089d0   0x080089d0   0x000000f8   Code   RO         2903    .text.RCCEx_PLL2_Config  stm32u5xx_hal_rcc_ex.o
    0x08008ac8   0x08008ac8   0x000000f8   Code   RO         2905    .text.RCCEx_PLL3_Config  stm32u5xx_hal_rcc_ex.o
    0x08008bc0   0x08008bc0   0x00000022   Code   RO          551    .text.ReadRegWrap   hts221.o
    0x08008be2   0x08008be2   0x00000002   PAD
    0x08008be4   0x08008be4   0x00000014   Code   RO         1543    .text.ReadRegWrap   lps22hh.o
    0x08008bf8   0x08008bf8   0x0000000c   Code   RO           92    .text.SPI2_IRQHandler  stm32u5xx_it.o
    0x08008c04   0x08008c04   0x000000d0   Code   RO         2991    .text.SPI_CloseTransfer  stm32u5xx_hal_spi.o
    0x08008cd4   0x08008cd4   0x00000016   Code   RO         3061    .text.SPI_DMAAbortOnError  stm32u5xx_hal_spi.o
    0x08008cea   0x08008cea   0x00000002   PAD
    0x08008cec   0x08008cec   0x00000002   Code   RO           84    .text.SVC_Handler   stm32u5xx_it.o
    0x08008cee   0x08008cee   0x00000002   PAD
    0x08008cf0   0x08008cf0   0x00000002   Code   RO           82    .text.SecureFault_Handler  stm32u5xx_it.o
    0x08008cf2   0x08008cf2   0x00000002   PAD
    0x08008cf4   0x08008cf4   0x00000004   Code   RO           90    .text.SysTick_Handler  stm32u5xx_it.o
    0x08008cf8   0x08008cf8   0x0000004c   Code   RO         2005    .text.SystemInit    system_stm32u5xx.o
    0x08008d44   0x08008d44   0x000000e8   Code   RO         3087    .text.UART_AdvFeatureConfig  stm32u5xx_hal_uart.o
    0x08008e2c   0x08008e2c   0x0000020a   Code   RO         3085    .text.UART_SetConfig  stm32u5xx_hal_uart.o
    0x08009036   0x08009036   0x00000002   PAD
    0x08009038   0x08009038   0x00000216   Code   RO         3103    .text.UART_WaitOnFlagUntilTimeout  stm32u5xx_hal_uart.o
    0x0800924e   0x0800924e   0x00000002   PAD
    0x08009250   0x08009250   0x00000002   Code   RO           80    .text.UsageFault_Handler  stm32u5xx_it.o
    0x08009252   0x08009252   0x00000002   PAD
    0x08009254   0x08009254   0x00000022   Code   RO          553    .text.WriteRegWrap  hts221.o
    0x08009276   0x08009276   0x00000002   PAD
    0x08009278   0x08009278   0x00000014   Code   RO         1545    .text.WriteRegWrap  lps22hh.o
    0x0800928c   0x0800928c   0x00000048   Code   RO          128    .text.app_entry     webserver_main.o
    0x080092d4   0x080092d4   0x00000014   Code   RO           11    .text.bsp_init      bsp.o
    0x080092e8   0x080092e8   0x00000028   Code   RO           28    .text.fputc         console.o
    0x08009310   0x08009310   0x000001b0   Code   RO          315    .text.hnet_notify   webserver_wifi.o
    0x080094c0   0x080094c0   0x00000042   Code   RO          599    .text.hts221_block_data_update_set  hts221_reg.o
    0x08009502   0x08009502   0x00000002   PAD
    0x08009504   0x08009504   0x00000022   Code   RO          597    .text.hts221_data_rate_get  hts221_reg.o
    0x08009526   0x08009526   0x00000002   PAD
    0x08009528   0x08009528   0x00000040   Code   RO          595    .text.hts221_data_rate_set  hts221_reg.o
    0x08009568   0x08009568   0x0000000e   Code   RO          615    .text.hts221_device_id_get  hts221_reg.o
    0x08009576   0x08009576   0x00000002   PAD
    0x08009578   0x08009578   0x00000028   Code   RO          651    .text.hts221_hum_adc_point_0_get  hts221_reg.o
    0x080095a0   0x080095a0   0x00000028   Code   RO          653    .text.hts221_hum_adc_point_1_get  hts221_reg.o
    0x080095c8   0x080095c8   0x00000030   Code   RO          643    .text.hts221_hum_rh_point_0_get  hts221_reg.o
    0x080095f8   0x080095f8   0x00000030   Code   RO          645    .text.hts221_hum_rh_point_1_get  hts221_reg.o
    0x08009628   0x08009628   0x0000001e   Code   RO          611    .text.hts221_humidity_raw_get  hts221_reg.o
    0x08009646   0x08009646   0x00000002   PAD
    0x08009648   0x08009648   0x0000003e   Code   RO          617    .text.hts221_power_on_set  hts221_reg.o
    0x08009686   0x08009686   0x00000002   PAD
    0x08009688   0x08009688   0x00000028   Code   RO          655    .text.hts221_temp_adc_point_0_get  hts221_reg.o
    0x080096b0   0x080096b0   0x00000028   Code   RO          657    .text.hts221_temp_adc_point_1_get  hts221_reg.o
    0x080096d8   0x080096d8   0x00000052   Code   RO          647    .text.hts221_temp_deg_point_0_get  hts221_reg.o
    0x0800972a   0x0800972a   0x00000002   PAD
    0x0800972c   0x0800972c   0x00000052   Code   RO          649    .text.hts221_temp_deg_point_1_get  hts221_reg.o
    0x0800977e   0x0800977e   0x00000002   PAD
    0x08009780   0x08009780   0x0000001e   Code   RO          613    .text.hts221_temperature_raw_get  hts221_reg.o
    0x0800979e   0x0800979e   0x00000002   PAD
    0x080097a0   0x080097a0   0x0000014e   Code   RO          207    .text.http_send_response  webserver_http_response.o
    0x080098ee   0x080098ee   0x00000002   PAD
    0x080098f0   0x080098f0   0x00000010   Code   RO          113    .text.instruction_cache_enable  system_config.o
    0x08009900   0x08009900   0x00000042   Code   RO         1663    .text.lps22hh_auto_increment_set  lps22hh_reg.o
    0x08009942   0x08009942   0x00000002   PAD
    0x08009944   0x08009944   0x00000042   Code   RO         1625    .text.lps22hh_block_data_update_set  lps22hh_reg.o
    0x08009986   0x08009986   0x00000002   PAD
    0x08009988   0x08009988   0x0000007c   Code   RO         1631    .text.lps22hh_data_rate_get  lps22hh_reg.o
    0x08009a04   0x08009a04   0x00000078   Code   RO         1629    .text.lps22hh_data_rate_set  lps22hh_reg.o
    0x08009a7c   0x08009a7c   0x0000000e   Code   RO         1657    .text.lps22hh_device_id_get  lps22hh_reg.o
    0x08009a8a   0x08009a8a   0x00000002   PAD
    0x08009a8c   0x08009a8c   0x00000018   Code   RO         1607    .text.lps22hh_from_lsb_to_celsius  lps22hh_reg.o
    0x08009aa4   0x08009aa4   0x00000018   Code   RO         1605    .text.lps22hh_from_lsb_to_hpa  lps22hh_reg.o
    0x08009abc   0x08009abc   0x0000004a   Code   RO         1679    .text.lps22hh_i3c_interface_set  lps22hh_reg.o
    0x08009b06   0x08009b06   0x00000002   PAD
    0x08009b08   0x08009b08   0x00000042   Code   RO         1671    .text.lps22hh_lp_bandwidth_set  lps22hh_reg.o
    0x08009b4a   0x08009b4a   0x00000002   PAD
    0x08009b4c   0x08009b4c   0x00000030   Code   RO         1649    .text.lps22hh_pressure_raw_get  lps22hh_reg.o
    0x08009b7c   0x08009b7c   0x0000001e   Code   RO         1651    .text.lps22hh_temperature_raw_get  lps22hh_reg.o
    0x08009b9a   0x08009b9a   0x00000002   PAD
    0x08009b9c   0x08009b9c   0x00000014   Code   RO         1603    .text.lps22hh_write_reg  lps22hh_reg.o
    0x08009bb0   0x08009bb0   0x00000016   Code   RO           43    .text.main          main.o
    0x08009bc6   0x08009bc6   0x00000002   PAD
    0x08009bc8   0x08009bc8   0x0000000a   Code   RO         1965    .text.mapi_reboot_event_callback  mx_wifi_ipc.o
    0x08009bd2   0x08009bd2   0x00000002   PAD
    0x08009bd4   0x08009bd4   0x00000046   Code   RO         1969    .text.mapi_wifi_netlink_input_callback  mx_wifi_ipc.o
    0x08009c1a   0x08009c1a   0x00000002   PAD
    0x08009c1c   0x08009c1c   0x0000004c   Code   RO         1967    .text.mapi_wifi_status_event_callback  mx_wifi_ipc.o
    0x08009c68   0x08009c68   0x00000004   Code   RO         1973    .text.mipc_deinit   mx_wifi_ipc.o
    0x08009c6c   0x08009c6c   0x00000016   Code   RO         1971    .text.mipc_init     mx_wifi_ipc.o
    0x08009c82   0x08009c82   0x00000002   PAD
    0x08009c84   0x08009c84   0x00000100   Code   RO         1977    .text.mipc_poll     mx_wifi_ipc.o
    0x08009d84   0x08009d84   0x0000015c   Code   RO         1975    .text.mipc_request  mx_wifi_ipc.o
    0x08009ee0   0x08009ee0   0x0000048e   Code   RO         1811    .text.mx_aton_r     mx_wifi.o
    0x0800a36e   0x0800a36e   0x00000002   PAD
    0x0800a370   0x0800a370   0x0000025c   Code   RO         1797    .text.mx_ntoa       mx_wifi.o
    0x0800a5cc   0x0800a5cc   0x0000002a   Code   RO         3469    .text.mx_wifi_accept  net_mx_wifi.o
    0x0800a5f6   0x0800a5f6   0x00000002   PAD
    0x0800a5f8   0x0800a5f8   0x00000038   Code   RO         3465    .text.mx_wifi_bind  net_mx_wifi.o
    0x0800a630   0x0800a630   0x00000012   Code   RO         3489    .text.mx_wifi_close  net_mx_wifi.o
    0x0800a642   0x0800a642   0x00000002   PAD
    0x0800a644   0x0800a644   0x0000002a   Code   RO         3471    .text.mx_wifi_connect  net_mx_wifi.o
    0x0800a66e   0x0800a66e   0x00000002   PAD
    0x0800a670   0x0800a670   0x00000004   Code   RO         3447    .text.mx_wifi_driver  net_mx_wifi.o
    0x0800a674   0x0800a674   0x000000f8   Code   RO         3499    .text.mx_wifi_get_scan_result  net_mx_wifi.o
    0x0800a76c   0x0800a76c   0x0000002e   Code   RO         3493    .text.mx_wifi_gethostbyname  net_mx_wifi.o
    0x0800a79a   0x0800a79a   0x00000002   PAD
    0x0800a79c   0x0800a79c   0x0000001a   Code   RO         3487    .text.mx_wifi_getpeername  net_mx_wifi.o
    0x0800a7b6   0x0800a7b6   0x00000002   PAD
    0x0800a7b8   0x0800a7b8   0x0000001a   Code   RO         3485    .text.mx_wifi_getsockname  net_mx_wifi.o
    0x0800a7d2   0x0800a7d2   0x00000002   PAD
    0x0800a7d4   0x0800a7d4   0x0000002c   Code   RO         3483    .text.mx_wifi_getsockopt  net_mx_wifi.o
    0x0800a800   0x0800a800   0x00000014   Code   RO         1946    .text.mx_wifi_hci_deinit  mx_wifi_hci.o
    0x0800a814   0x0800a814   0x0000000a   Code   RO         1952    .text.mx_wifi_hci_free  mx_wifi_hci.o
    0x0800a81e   0x0800a81e   0x00000002   PAD
    0x0800a820   0x0800a820   0x0000001a   Code   RO         1944    .text.mx_wifi_hci_init  mx_wifi_hci.o
    0x0800a83a   0x0800a83a   0x00000002   PAD
    0x0800a83c   0x0800a83c   0x00000058   Code   RO         1954    .text.mx_wifi_hci_input  mx_wifi_hci.o
    0x0800a894   0x0800a894   0x0000001c   Code   RO         1950    .text.mx_wifi_hci_recv  mx_wifi_hci.o
    0x0800a8b0   0x0800a8b0   0x0000004c   Code   RO         1948    .text.mx_wifi_hci_send  mx_wifi_hci.o
    0x0800a8fc   0x0800a8fc   0x000000f8   Code   RO         3459    .text.mx_wifi_if_connect  net_mx_wifi.o
    0x0800a9f4   0x0800a9f4   0x00000032   Code   RO         3451    .text.mx_wifi_if_deinit  net_mx_wifi.o
    0x0800aa26   0x0800aa26   0x00000002   PAD
    0x0800aa28   0x0800aa28   0x0000000c   Code   RO         3461    .text.mx_wifi_if_disconnect  net_mx_wifi.o
    0x0800aa34   0x0800aa34   0x000001f8   Code   RO         3449    .text.mx_wifi_if_init  net_mx_wifi.o
    0x0800ac2c   0x0800ac2c   0x0000015a   Code   RO         3453    .text.mx_wifi_if_start  net_mx_wifi.o
    0x0800ad86   0x0800ad86   0x00000002   PAD
    0x0800ad88   0x0800ad88   0x00000046   Code   RO         3455    .text.mx_wifi_if_stop  net_mx_wifi.o
    0x0800adce   0x0800adce   0x00000002   PAD
    0x0800add0   0x0800add0   0x00000012   Code   RO         3457    .text.mx_wifi_if_yield  net_mx_wifi.o
    0x0800ade2   0x0800ade2   0x00000002   PAD
    0x0800ade4   0x0800ade4   0x00000016   Code   RO         3467    .text.mx_wifi_listen  net_mx_wifi.o
    0x0800adfa   0x0800adfa   0x00000002   PAD
    0x0800adfc   0x0800adfc   0x0000002e   Code   RO         3495    .text.mx_wifi_ping  net_mx_wifi.o
    0x0800ae2a   0x0800ae2a   0x00000002   PAD
    0x0800ae2c   0x0800ae2c   0x00000030   Code   RO         3475    .text.mx_wifi_recv  net_mx_wifi.o
    0x0800ae5c   0x0800ae5c   0x00000056   Code   RO         3479    .text.mx_wifi_recvfrom  net_mx_wifi.o
    0x0800aeb2   0x0800aeb2   0x00000002   PAD
    0x0800aeb4   0x0800aeb4   0x00000028   Code   RO         3497    .text.mx_wifi_scan  net_mx_wifi.o
    0x0800aedc   0x0800aedc   0x00000020   Code   RO         3473    .text.mx_wifi_send  net_mx_wifi.o
    0x0800aefc   0x0800aefc   0x0000004e   Code   RO         3477    .text.mx_wifi_sendto  net_mx_wifi.o
    0x0800af4a   0x0800af4a   0x00000002   PAD
    0x0800af4c   0x0800af4c   0x0000002c   Code   RO         3481    .text.mx_wifi_setsockopt  net_mx_wifi.o
    0x0800af78   0x0800af78   0x00000016   Code   RO         3491    .text.mx_wifi_shutdown  net_mx_wifi.o
    0x0800af8e   0x0800af8e   0x00000002   PAD
    0x0800af90   0x0800af90   0x0000001a   Code   RO         3463    .text.mx_wifi_socket  net_mx_wifi.o
    0x0800afaa   0x0800afaa   0x00000002   PAD
    0x0800afac   0x0800afac   0x00000088   Code   RO         3501    .text.mx_wifi_status_changed  net_mx_wifi.o
    0x0800b034   0x0800b034   0x00000030   Code   RO          344    .text.mxchip_WIFI_ISR  net_conf_mxchip_spi.o
    0x0800b064   0x0800b064   0x00000050   Code   RO          352    .text.mxwifi_probe  net_conf_mxchip_spi.o
    0x0800b0b4   0x0800b0b4   0x00000138   Code   RO         3404    .text.net_accept    net_socket.o
    0x0800b1ec   0x0800b1ec   0x000000ce   Code   RO         3400    .text.net_bind      net_socket.o
    0x0800b2ba   0x0800b2ba   0x00000002   PAD
    0x0800b2bc   0x0800b2bc   0x00000026   Code   RO         3316    .text.net_cellular_set_credentials  net_class_extension.o
    0x0800b2e2   0x0800b2e2   0x00000002   PAD
    0x0800b2e4   0x0800b2e4   0x0000005c   Code   RO         3420    .text.net_closesocket  net_socket.o
    0x0800b340   0x0800b340   0x00000004   Code   RO         3279    .text.net_get_ip_addr  net_address.o
    0x0800b344   0x0800b344   0x00000006   Code   RO         3349    .text.net_if_connect  net_core.o
    0x0800b34a   0x0800b34a   0x00000002   PAD
    0x0800b34c   0x0800b34c   0x0000003e   Code   RO         3329    .text.net_if_find   net_core.o
    0x0800b38a   0x0800b38a   0x00000002   PAD
    0x0800b38c   0x0800b38c   0x00000024   Code   RO         3347    .text.net_if_getState  net_core.o
    0x0800b3b0   0x0800b3b0   0x0000008e   Code   RO         3337    .text.net_if_init   net_core.o
    0x0800b43e   0x0800b43e   0x00000002   PAD
    0x0800b440   0x0800b440   0x0000001a   Code   RO         3335    .text.net_if_notify  net_core.o
    0x0800b45a   0x0800b45a   0x00000002   PAD
    0x0800b45c   0x0800b45c   0x00000020   Code   RO         3365    .text.net_if_set_dhcp_mode  net_core.o
    0x0800b47c   0x0800b47c   0x00000020   Code   RO         3367    .text.net_if_set_dhcp_server_mode  net_core.o
    0x0800b49c   0x0800b49c   0x00000026   Code   RO         3371    .text.net_if_set_ipaddr  net_core.o
    0x0800b4c2   0x0800b4c2   0x00000002   PAD
    0x0800b4c4   0x0800b4c4   0x00000006   Code   RO         3341    .text.net_if_start  net_core.o
    0x0800b4ca   0x0800b4ca   0x00000002   PAD
    0x0800b4cc   0x0800b4cc   0x00000048   Code   RO         3333    .text.net_if_wait_state  net_core.o
    0x0800b514   0x0800b514   0x0000004c   Code   RO         3406    .text.net_listen    net_socket.o
    0x0800b560   0x0800b560   0x0000000e   Code   RO         3269    .text.net_ntoa      net_address.o
    0x0800b56e   0x0800b56e   0x00000002   PAD
    0x0800b570   0x0800b570   0x00000302   Code   RO         3267    .text.net_ntoa_r    net_address.o
    0x0800b872   0x0800b872   0x00000002   PAD
    0x0800b874   0x0800b874   0x000000fe   Code   RO         3416    .text.net_recvfrom  net_socket.o
    0x0800b972   0x0800b972   0x00000002   PAD
    0x0800b974   0x0800b974   0x0000006a   Code   RO         3410    .text.net_send      net_socket.o
    0x0800b9de   0x0800b9de   0x00000002   PAD
    0x0800b9e0   0x0800b9e0   0x00000006   Code   RO         3277    .text.net_set_port  net_address.o
    0x0800b9e6   0x0800b9e6   0x00000002   PAD
    0x0800b9e8   0x0800b9e8   0x00000098   Code   RO         3398    .text.net_socket    net_socket.o
    0x0800ba80   0x0800ba80   0x000001b0   Code   RO         3437    .text.net_state_manage_event  net_state.o
    0x0800bc30   0x0800bc30   0x00000008   Code   RO         3290    .text.net_wifi_get_class  net_class_extension.o
    0x0800bc38   0x0800bc38   0x0000002a   Code   RO         3298    .text.net_wifi_get_scan_results  net_class_extension.o
    0x0800bc62   0x0800bc62   0x00000002   PAD
    0x0800bc64   0x0800bc64   0x00000030   Code   RO         3296    .text.net_wifi_scan  net_class_extension.o
    0x0800bc94   0x0800bc94   0x000001d8   Code   RO         3292    .text.net_wifi_security_to_string  net_class_extension.o
    0x0800be6c   0x0800be6c   0x0000000c   Code   RO         3306    .text.net_wifi_set_access_channel  net_class_extension.o
    0x0800be78   0x0800be78   0x0000000c   Code   RO         3304    .text.net_wifi_set_access_mode  net_class_extension.o
    0x0800be84   0x0800be84   0x0000000c   Code   RO         3308    .text.net_wifi_set_ap_max_connections  net_class_extension.o
    0x0800be90   0x0800be90   0x0000000c   Code   RO         3300    .text.net_wifi_set_credentials  net_class_extension.o
    0x0800be9c   0x0800be9c   0x00000012   Code   RO         3331    .text.netif_check   net_core.o
    0x0800beae   0x0800beae   0x00000002   PAD
    0x0800beb0   0x0800beb0   0x0000001a   Code   RO         1930    .text.noos_fifo_deinit  mx_rtos_abs.o
    0x0800beca   0x0800beca   0x00000002   PAD
    0x0800becc   0x0800becc   0x00000048   Code   RO         1928    .text.noos_fifo_init  mx_rtos_abs.o
    0x0800bf14   0x0800bf14   0x00000070   Code   RO         1934    .text.noos_fifo_pop  mx_rtos_abs.o
    0x0800bf84   0x0800bf84   0x0000007c   Code   RO         1932    .text.noos_fifo_push  mx_rtos_abs.o
    0x0800c000   0x0800c000   0x00000064   Code   RO         1926    .text.noos_sem_wait  mx_rtos_abs.o
    0x0800c064   0x0800c064   0x000001cc   Code   RO          348    .text.process_txrx_poll  net_conf_mxchip_spi.o
    0x0800c230   0x0800c230   0x00000114   Code   RO          377    .text.scan_cmd      net_interface.o
    0x0800c344   0x0800c344   0x000000ae   Code   RO          115    .text.system_clock_config  system_config.o
    0x0800c3f2   0x0800c3f2   0x00000002   PAD
    0x0800c3f4   0x0800c3f4   0x000000a4   Code   RO          111    .text.system_init   system_config.o
    0x0800c498   0x0800c498   0x00000046   Code   RO          350    .text.wait_flow_high  net_conf_mxchip_spi.o
    0x0800c4de   0x0800c4de   0x00000002   PAD
    0x0800c4e0   0x0800c4e0   0x00000058   Code   RO           20    .text.webserver_console_config  console.o
    0x0800c538   0x0800c538   0x0000010a   Code   RO           26    .text.webserver_console_get_password  console.o
    0x0800c642   0x0800c642   0x00000002   PAD
    0x0800c644   0x0800c644   0x000000c0   Code   RO           24    .text.webserver_console_get_ssid  console.o
    0x0800c704   0x0800c704   0x0000005c   Code   RO           22    .text.webserver_console_print_header  console.o
    0x0800c760   0x0800c760   0x00000098   Code   RO          182    .text.webserver_http_encode_css_response  webserver_http_encoder.o
    0x0800c7f8   0x0800c7f8   0x0000009e   Code   RO          186    .text.webserver_http_encode_favicon_response  webserver_http_encoder.o
    0x0800c896   0x0800c896   0x00000002   PAD
    0x0800c898   0x0800c898   0x000000aa   Code   RO          180    .text.webserver_http_encode_html_response  webserver_http_encoder.o
    0x0800c942   0x0800c942   0x00000002   PAD
    0x0800c944   0x0800c944   0x00000092   Code   RO          194    .text.webserver_http_encode_image_response  webserver_http_encoder.o
    0x0800c9d6   0x0800c9d6   0x00000002   PAD
    0x0800c9d8   0x0800c9d8   0x00000098   Code   RO          184    .text.webserver_http_encode_js_response  webserver_http_encoder.o
    0x0800ca70   0x0800ca70   0x00000092   Code   RO          192    .text.webserver_http_encode_json_response  webserver_http_encoder.o
    0x0800cb02   0x0800cb02   0x00000002   PAD
    0x0800cb04   0x0800cb04   0x00000082   Code   RO          188    .text.webserver_http_encode_sensor_response  webserver_http_encoder.o
    0x0800cb86   0x0800cb86   0x00000002   PAD
    0x0800cb88   0x0800cb88   0x00000082   Code   RO          190    .text.webserver_http_encode_woff2_response  webserver_http_encoder.o
    0x0800cc0a   0x0800cc0a   0x00000002   PAD
    0x0800cc0c   0x0800cc0c   0x00000508   Code   RO          205    .text.webserver_http_start  webserver_http_response.o
    0x0800d114   0x0800d114   0x0000000a   Code   RO          238    .text.webserver_humid_sensor_read  webserver_sensors.o
    0x0800d11e   0x0800d11e   0x00000002   PAD
    0x0800d120   0x0800d120   0x0000000a   Code   RO          234    .text.webserver_press_sensor_read  webserver_sensors.o
    0x0800d12a   0x0800d12a   0x00000002   PAD
    0x0800d12c   0x0800d12c   0x00000016   Code   RO          136    .text.webserver_process_error  webserver_status.o
    0x0800d142   0x0800d142   0x00000002   PAD
    0x0800d144   0x0800d144   0x000001a4   Code   RO          220    .text.webserver_sensors_start  webserver_sensors.o
    0x0800d2e8   0x0800d2e8   0x0000000a   Code   RO          230    .text.webserver_temp_sensor_read  webserver_sensors.o
    0x0800d2f2   0x0800d2f2   0x00000002   PAD
    0x0800d2f4   0x0800d2f4   0x00000066   Code   RO          313    .text.webserver_wifi_connect  webserver_wifi.o
    0x0800d35a   0x0800d35a   0x00000002   PAD
    0x0800d35c   0x0800d35c   0x00000196   Code   RO          311    .text.webserver_wifi_init  webserver_wifi.o
    0x0800d4f2   0x0800d4f2   0x00000002   PAD
    0x0800d4f4   0x0800d4f4   0x0000000a   Code   RO          360    .text.wifi_obj_get  net_conf_mxchip_spi.o
    0x0800d4fe   0x0800d4fe   0x00000002   PAD
    0x0800d500   0x0800d500   0x00000020   Code   RO         3774    i.__0printf         mc_w.l(printfa.o)
    0x0800d520   0x0800d520   0x00000028   Code   RO         3776    i.__0sprintf        mc_w.l(printfa.o)
    0x0800d548   0x0800d548   0x0000000e   Code   RO         3885    i.__scatterload_copy  mc_w.l(handlers.o)
    0x0800d556   0x0800d556   0x00000002   Code   RO         3886    i.__scatterload_null  mc_w.l(handlers.o)
    0x0800d558   0x0800d558   0x0000000e   Code   RO         3887    i.__scatterload_zeroinit  mc_w.l(handlers.o)
    0x0800d566   0x0800d566   0x00000002   PAD
    0x0800d568   0x0800d568   0x00000184   Code   RO         3781    i._fp_digits        mc_w.l(printfa.o)
    0x0800d6ec   0x0800d6ec   0x000006dc   Code   RO         3782    i._printf_core      mc_w.l(printfa.o)
    0x0800ddc8   0x0800ddc8   0x00000024   Code   RO         3783    i._printf_post_padding  mc_w.l(printfa.o)
    0x0800ddec   0x0800ddec   0x0000002e   Code   RO         3784    i._printf_pre_padding  mc_w.l(printfa.o)
    0x0800de1a   0x0800de1a   0x0000000a   Code   RO         3786    i._sputc            mc_w.l(printfa.o)
    0x0800de24   0x0800de24   0x00000050   Code   RO         3802    i.free              mc_w.l(malloc.o)
    0x0800de74   0x0800de74   0x0000006c   Code   RO         3803    i.malloc            mc_w.l(malloc.o)
    0x0800dee0   0x0800dee0   0x0000000c   Code   RO         3517    i.putchar           mc_w.l(putchar.o)
    0x0800deec   0x0800deec   0x00000024   Code   RO         3515    i.puts              mc_w.l(puts.o)
    0x0800df10   0x0800df10   0x00000010   Data   RO         2010    .rodata.AHBPrescTable  system_stm32u5xx.o
    0x0800df20   0x0800df20   0x00000008   Data   RO         2011    .rodata.APBPrescTable  system_stm32u5xx.o
    0x0800df28   0x0800df28   0x00000080   Data   RO         2314    .rodata.LPGPIO_Map  stm32u5xx_hal_gpio.o
    0x0800dfa8   0x0800dfa8   0x00000040   Data   RO         2012    .rodata.MSIRangeTable  system_stm32u5xx.o
    0x0800dfe8   0x0800dfe8   0x00000018   Data   RO         3215    .rodata.UARTPrescTable  stm32u5xx_hal_uart.o
    0x0800e000   0x0800e000   0x0004dfe5   Data   RO          248    .rodata.css_main_buff  css_main_res.o
    0x0805bfe5   0x0805bfe5   0x00000003   PAD
    0x0805bfe8   0x0805bfe8   0x00000004   Data   RO          249    .rodata.css_main_buff_size  css_main_res.o
    0x0805bfec   0x0805bfec   0x0000e669   Data   RO          255    .rodata.css_shunk_buff  css_shunk_res.o
    0x0806a655   0x0806a655   0x00000003   PAD
    0x0806a658   0x0806a658   0x00000004   Data   RO          256    .rodata.css_shunk_buff_size  css_shunk_res.o
    0x0806a65c   0x0806a65c   0x00000010   Data   RO          574    .rodata.cst16       hts221.o
    0x0806a66c   0x0806a66c   0x00000020   Data   RO         1592    .rodata.cst32       lps22hh.o
    0x0806a68c   0x0806a68c   0x00000010   Data   RO          427    .rodata.cst8        b_u585i_iot02a.o
    0x0806a69c   0x0806a69c   0x0000101e   Data   RO          262    .rodata.favicon_buff  favicon_res.o
    0x0806b6ba   0x0806b6ba   0x00000002   PAD
    0x0806b6bc   0x0806b6bc   0x00000004   Data   RO          263    .rodata.favicon_buff_size  favicon_res.o
    0x0806b6c0   0x0806b6c0   0x000139ac   Data   RO          269    .rodata.font_buff   font_res.o
    0x0807f06c   0x0807f06c   0x00000004   Data   RO          270    .rodata.font_buff_size  font_res.o
    0x0807f070   0x0807f070   0x000008b8   Data   RO          276    .rodata.html_buff   html_res.o
    0x0807f928   0x0807f928   0x00000004   Data   RO          277    .rodata.html_buff_size  html_res.o
    0x0807f92c   0x0807f92c   0x00000016   Data   RO          148    .rodata.http_css_chunk_cmd  webserver_http_cmd.o
    0x0807f942   0x0807f942   0x00000002   PAD
    0x0807f944   0x0807f944   0x00000004   Data   RO          149    .rodata.http_css_chunk_cmd_size  webserver_http_cmd.o
    0x0807f948   0x0807f948   0x00000015   Data   RO          150    .rodata.http_css_main_cmd  webserver_http_cmd.o
    0x0807f95d   0x0807f95d   0x00000003   PAD
    0x0807f960   0x0807f960   0x00000004   Data   RO          151    .rodata.http_css_main_cmd_size  webserver_http_cmd.o
    0x0807f964   0x0807f964   0x0000000d   Data   RO          160    .rodata.http_favicon_cmd  webserver_http_cmd.o
    0x0807f971   0x0807f971   0x00000003   PAD
    0x0807f974   0x0807f974   0x00000004   Data   RO          161    .rodata.http_favicon_cmd_size  webserver_http_cmd.o
    0x0807f978   0x0807f978   0x00000021   Data   RO          156    .rodata.http_font_cmd  webserver_http_cmd.o
    0x0807f999   0x0807f999   0x00000003   PAD
    0x0807f99c   0x0807f99c   0x00000004   Data   RO          157    .rodata.http_font_cmd_size  webserver_http_cmd.o
    0x0807f9a0   0x0807f9a0   0x00000006   Data   RO          144    .rodata.http_get_cmd  webserver_http_cmd.o
    0x0807f9a6   0x0807f9a6   0x00000002   PAD
    0x0807f9a8   0x0807f9a8   0x00000004   Data   RO          145    .rodata.http_get_cmd_size  webserver_http_cmd.o
    0x0807f9ac   0x0807f9ac   0x00000002   Data   RO          146    .rodata.http_html_cmd  webserver_http_cmd.o
    0x0807f9ae   0x0807f9ae   0x00000002   PAD
    0x0807f9b0   0x0807f9b0   0x00000004   Data   RO          147    .rodata.http_html_cmd_size  webserver_http_cmd.o
    0x0807f9b4   0x0807f9b4   0x0000001c   Data   RO          162    .rodata.http_image_cmd  webserver_http_cmd.o
    0x0807f9d0   0x0807f9d0   0x00000004   Data   RO          163    .rodata.http_image_cmd_size  webserver_http_cmd.o
    0x0807f9d4   0x0807f9d4   0x00000014   Data   RO          152    .rodata.http_js_chunk_cmd  webserver_http_cmd.o
    0x0807f9e8   0x0807f9e8   0x00000004   Data   RO          153    .rodata.http_js_chunk_cmd_size  webserver_http_cmd.o
    0x0807f9ec   0x0807f9ec   0x00000013   Data   RO          154    .rodata.http_js_main_cmd  webserver_http_cmd.o
    0x0807f9ff   0x0807f9ff   0x00000001   PAD
    0x0807fa00   0x0807fa00   0x00000004   Data   RO          155    .rodata.http_js_main_cmd_size  webserver_http_cmd.o
    0x0807fa04   0x0807fa04   0x0000000f   Data   RO          158    .rodata.http_json_cmd  webserver_http_cmd.o
    0x0807fa13   0x0807fa13   0x00000001   PAD
    0x0807fa14   0x0807fa14   0x00000004   Data   RO          159    .rodata.http_json_cmd_size  webserver_http_cmd.o
    0x0807fa18   0x0807fa18   0x0000000f   Data   RO          170    .rodata.http_read_humidity_cmd  webserver_http_cmd.o
    0x0807fa27   0x0807fa27   0x00000001   PAD
    0x0807fa28   0x0807fa28   0x00000004   Data   RO          171    .rodata.http_read_humidity_cmd_size  webserver_http_cmd.o
    0x0807fa2c   0x0807fa2c   0x0000000f   Data   RO          168    .rodata.http_read_pressure_cmd  webserver_http_cmd.o
    0x0807fa3b   0x0807fa3b   0x00000001   PAD
    0x0807fa3c   0x0807fa3c   0x00000004   Data   RO          169    .rodata.http_read_pressure_cmd_size  webserver_http_cmd.o
    0x0807fa40   0x0807fa40   0x00000012   Data   RO          166    .rodata.http_read_temperature_cmd  webserver_http_cmd.o
    0x0807fa52   0x0807fa52   0x00000002   PAD
    0x0807fa54   0x0807fa54   0x00000004   Data   RO          167    .rodata.http_read_temperature_cmd_size  webserver_http_cmd.o
    0x0807fa58   0x0807fa58   0x000823c0   Data   RO          283    .rodata.image_buff  image_res.o
    0x08101e18   0x08101e18   0x00000004   Data   RO          284    .rodata.image_buff_size  image_res.o
    0x08101e1c   0x08101e1c   0x000078af   Data   RO          290    .rodata.js_main_buff  js_main_res.o
    0x081096cb   0x081096cb   0x00000001   PAD
    0x081096cc   0x081096cc   0x00000004   Data   RO          291    .rodata.js_main_buff_size  js_main_res.o
    0x081096d0   0x081096d0   0x00076527   Data   RO          297    .rodata.js_shunk_buff  js_shunk_res.o
    0x0817fbf7   0x0817fbf7   0x00000001   PAD
    0x0817fbf8   0x0817fbf8   0x00000004   Data   RO          298    .rodata.js_shunk_buff_size  js_shunk_res.o
    0x0817fbfc   0x0817fbfc   0x00000139   Data   RO          304    .rodata.json_buff   json_res.o
    0x0817fd35   0x0817fd35   0x00000003   PAD
    0x0817fd38   0x0817fd38   0x00000004   Data   RO          305    .rodata.json_buff_size  json_res.o
    0x0817fd3c   0x0817fd3c   0x000002df   Data   RO           34    .rodata.str1.1      console.o
    0x0818001b   0x0818001b   0x000001b1   Data   RO          172    .rodata.str1.1      webserver_http_cmd.o
    0x081801cc   0x081801cc   0x00000003   Data   RO          196    .rodata.str1.1      webserver_http_encoder.o
    0x081801cf   0x081801cf   0x000000e6   Data   RO          210    .rodata.str1.1      webserver_http_response.o
    0x081802b5   0x081802b5   0x0000013d   Data   RO          328    .rodata.str1.1      webserver_wifi.o
    0x081803f2   0x081803f2   0x0000000d   Data   RO          363    .rodata.str1.1      net_conf_mxchip_spi.o
    0x081803ff   0x081803ff   0x0000012c   Data   RO          388    .rodata.str1.1      net_interface.o
    0x0818052b   0x0818052b   0x000000a4   Data   RO         3320    .rodata.str1.1      net_class_extension.o
    0x081805cf   0x081805cf   0x0000000c   Data   RO         3503    .rodata.str1.1      net_mx_wifi.o
    0x081805db   0x081805db   0x00000001   PAD
    0x081805dc   0x081805dc   0x00000020   Data   RO         3884    Region$$Table       anon$$obj.o


    Execution Region RW_IRAM1 (Exec base: 0x20000000, Load base: 0x08180600, Size: 0x000130f8, Max: 0x000c0000, ABSOLUTE)

    Exec Addr    Load Addr    Size         Type   Attr      Idx    E Section Name        Object

    0x20000000   0x08180600   0x00000004   Data   RW         3848    .data               mc_w.l(stdout.o)
    0x20000004   0x08180604   0x00000004   Data   RW         3864    .data               mc_w.l(mvars.o)
    0x20000008   0x08180608   0x00000004   Data   RW         3865    .data               mc_w.l(mvars.o)
    0x2000000c   0x0818060c   0x00000008   Data   RW         2088    .data..L_MergedGlobals  stm32u5xx_hal.o
    0x20000014   0x08180614   0x00000010   Data   RW          571    .data.HTS221_COMMON_Driver  hts221.o
    0x20000024   0x08180624   0x00000014   Data   RW          572    .data.HTS221_HUM_Driver  hts221.o
    0x20000038   0x08180638   0x00000014   Data   RW          573    .data.HTS221_TEMP_Driver  hts221.o
    0x2000004c   0x0818064c   0x00000010   Data   RW         1589    .data.LPS22HH_COMMON_Driver  lps22hh.o
    0x2000005c   0x0818065c   0x00000014   Data   RW         1590    .data.LPS22HH_PRESS_Driver  lps22hh.o
    0x20000070   0x08180670   0x00000014   Data   RW         1591    .data.LPS22HH_TEMP_Driver  lps22hh.o
    0x20000084   0x08180684   0x00000004   Data   RW         2009    .data.SystemCoreClock  system_stm32u5xx.o
    0x20000088   0x08180688   0x00000018   Data   RW         1981    .data.event_table   mx_wifi_ipc.o
    0x200000a0   0x081806a0   0x00000004   Data   RW         1983    .data.get_new_req_id.id  mx_wifi_ipc.o
    0x200000a4   0x081806a4   0x0000001c   Data   RW          174    .data.http_content_types  webserver_http_cmd.o
    0x200000c0   0x081806c0   0x00000030   Data   RW          173    .data.http_headers  webserver_http_cmd.o
    0x200000f0        -       0x0000004c   Zero   RW          211    .bss..L_MergedGlobals  webserver_http_response.o
    0x2000013c        -       0x0000007c   Zero   RW          329    .bss..L_MergedGlobals  webserver_wifi.o
    0x200001b8        -       0x00000018   Zero   RW          364    .bss..L_MergedGlobals  net_conf_mxchip_spi.o
    0x200001d0        -       0x00000054   Zero   RW          484    .bss..L_MergedGlobals  b_u585i_iot02a_bus.o
    0x20000224        -       0x0000005c   Zero   RW          512    .bss..L_MergedGlobals  b_u585i_iot02a_env_sensors.o
    0x20000280        -       0x00000008   Zero   RW         1956    .bss..L_MergedGlobals  mx_wifi_hci.o
    0x20000288        -       0x00001450   Zero   RW          387    .bss.APs            net_interface.o
    0x200016d8        -       0x00000090   Zero   RW           32    .bss.Console_UARTHandle  console.o
    0x20001768        -       0x00000a00   Zero   RW          482    .bss.I2c_valid_timing  b_u585i_iot02a_bus.o
    0x20002168        -       0x00000004   Zero   RW          483    .bss.I2c_valid_timing_nbr  b_u585i_iot02a_bus.o
    0x2000216c        -       0x0000002c   Zero   RW          511    .bss.LPS22HH_Probe.LPS22HH_Obj  b_u585i_iot02a_env_sensors.o
    0x20002198        -       0x00000090   Zero   RW          119    .bss.LPTIMHandle    system_config.o
    0x20002228        -       0x000009f8   Zero   RW          362    .bss.MxWifiObj      net_conf_mxchip_spi.o
    0x20002c20        -       0x00000090   Zero   RW          325    .bss.Wifi_SPIHandle  webserver_wifi.o
    0x20002cb0        -       0x00000078   Zero   RW          326    .bss.handle_GPDMA1_Channel4  webserver_wifi.o
    0x20002d28        -       0x00000078   Zero   RW          327    .bss.handle_GPDMA1_Channel5  webserver_wifi.o
    0x20002da0        -       0x0000004c   Zero   RW          481    .bss.hbus_i2c2      b_u585i_iot02a_bus.o
    0x20002dec        -       0x000001f4   Zero   RW          209    .bss.http_header_response  webserver_http_response.o
    0x20002fe0        -       0x00000010   Zero   RW         1897    .bss.mx_ntoa.buf    mx_wifi.o
    0x20002ff0        -       0x00000004   Zero   RW         3373    .bss.net_if_list    net_core.o
    0x20002ff4        -       0x00000010   Zero   RW         3281    .bss.net_ntoa.str   net_address.o
    0x20003004        -       0x00000010   Zero   RW         1982    .bss.pending_request  mx_wifi_ipc.o
    0x20003014        -       0x000000dc   Zero   RW         3428    .bss.sockets        net_socket.o
    0x200030f0        -       0x00000004   Zero   RW         2087    .bss.uwTick         stm32u5xx_hal.o
    0x200030f4   0x081806f0   0x00000004   PAD
    0x200030f8        -       0x00008000   Zero   RW            2    HEAP                startup_stm32u585xx.o
    0x2000b0f8        -       0x00008000   Zero   RW            1    STACK               startup_stm32u585xx.o


==============================================================================

Image component sizes


      Code (inc. data)   RO Data    RW Data    ZI Data      Debug   Object Name

       232          0         16          0          0       9812   b_u585i_iot02a.o
      1380          0          0          0       2724      20657   b_u585i_iot02a_bus.o
       922          0          0          0        136       7985   b_u585i_iot02a_env_sensors.o
        20          0          0          0          0        695   bsp.o
       678          0        735          0        144       6894   console.o
         0          0     319465          0          0        552   css_main_res.o
         0          0      58989          0          0        554   css_shunk_res.o
         0          0       4130          0          0        546   favicon_res.o
         0          0      80304          0          0        536   font_res.o
         0          0       2236          0          0        516   html_res.o
      1056          8         16         56          0      10644   hts221.o
       720          0          0          0          0      19373   hts221_reg.o
         0          0     533444          0          0        540   image_res.o
         0          0      30899          0          0        546   js_main_res.o
         0          0     484651          0          0        552   js_shunk_res.o
         0          0        317          0          0        516   json_res.o
      1490         24         32         56          0      16456   lps22hh.o
       676         32          0          0          0      38303   lps22hh_reg.o
        22          0          0          0          0        849   main.o
       434          0          0          0          0       3117   mx_rtos_abs.o
      5188         92          0          0         16      50356   mx_wifi.o
       248         64          0          0          8       2681   mx_wifi_hci.o
       786        160          0         28         16       6733   mx_wifi_ipc.o
       794          0          0          0         16       8239   net_address.o
       656         32        164          0          0      11503   net_class_extension.o
       820          0         13          0       2576      12207   net_conf_mxchip_spi.o
       470          0          0          0          4      15170   net_core.o
      1084        252        300          0       5200       6576   net_interface.o
      2380         28         12          0          0      23575   net_mx_wifi.o
      1198          0          0          0        220      20217   net_socket.o
       432          8          0          0          0       9567   net_state.o
        40         10        564          0      65536        920   startup_stm32u585xx.o
       226          0          0          8          4      10526   stm32u5xx_hal.o
       336          6          0          0          0      14211   stm32u5xx_hal_cortex.o
      2102          0          0          0          0      11694   stm32u5xx_hal_dma.o
      1014          0        128          0          0       6856   stm32u5xx_hal_gpio.o
      2398          0          0          0          0      57378   stm32u5xx_hal_i2c.o
       146          0          0          0          0       6938   stm32u5xx_hal_i2c_ex.o
        52          0          0          0          0       6566   stm32u5xx_hal_icache.o
      2078         16          0          0          0      32377   stm32u5xx_hal_lptim.o
       694          0          0          0          0      16610   stm32u5xx_hal_msp.o
       278          0          0          0          0      14514   stm32u5xx_hal_pwr_ex.o
      4156         12          0          0          0      15548   stm32u5xx_hal_rcc.o
      5648        296          0          0          0      21075   stm32u5xx_hal_rcc_ex.o
      3812          0          0          0          0      24570   stm32u5xx_hal_spi.o
      2318          0         24          0          0      38567   stm32u5xx_hal_uart.o
        54          0          0          0          0      12669   stm32u5xx_hal_uart_ex.o
        86          0          0          0          0       8332   stm32u5xx_it.o
       360          0          0          0        144       8025   system_config.o
        76          0         88          4          0       4382   system_stm32u5xx.o
         0          0        712         76          0       1820   webserver_http_cmd.o
      1184          0          3          0          0       3807   webserver_http_encoder.o
      1622        160        230          0        576       3946   webserver_http_response.o
        72          0          0          0          0        801   webserver_main.o
       450          8          0          0          0       4131   webserver_sensors.o
        22          0          0          0          0        634   webserver_status.o
      1050        148        317          0        508      14719   webserver_wifi.o

    ----------------------------------------------------------------------
     52324       1356    1517856        228      77832     648083   Object Totals
         0          0         32          0          0          0   (incl. Generated)
       364          0         35          0          4          0   (incl. Padding)

    ----------------------------------------------------------------------

      Code (inc. data)   RO Data    RW Data    ZI Data      Debug   Library Member Name

        28          0          0          0          0         76   calloc.o
         0          0          0          0          0          0   entry.o
         0          0          0          0          0          0   entry10a.o
         0          0          0          0          0          0   entry11a.o
         8          4          0          0          0          0   entry2.o
         4          0          0          0          0          0   entry5.o
         0          0          0          0          0          0   entry7b.o
         0          0          0          0          0          0   entry8b.o
         8          4          0          0          0          0   entry9a.o
        30          0          0          0          0          0   handlers.o
        36          8          0          0          0         68   init.o
         0          0          0          0          0          0   iusefp.o
        30          0          0          0          0         68   llshl.o
        36          0          0          0          0         68   llsshr.o
        32          0          0          0          0         68   llushr.o
       188         20          0          0          0        160   malloc.o
        36          0          0          0          0         68   memcpya.o
        36          0          0          0          0        108   memseta.o
         0          0          0          8          0          0   mvars.o
      2308         96          0          0          0        604   printfa.o
        12          6          0          0          0         68   putchar.o
        36          6          0          0          0         80   puts.o
         0          0          0          4          0          0   stdout.o
        24          0          0          0          0         68   strcat.o
        28          0          0          0          0         76   strcmp.o
        18          0          0          0          0         68   strcpy.o
        14          0          0          0          0         68   strlen.o
        30          0          0          0          0         80   strncmp.o
        24          0          0          0          0         76   strncpy.o
        44          0          0          0          0         80   uidiv.o
        98          0          0          0          0         92   uldiv.o
        48          0          0          0          0         68   cdrcmple.o
       334          0          0          0          0        148   dadd.o
       222          0          0          0          0        100   ddiv.o
       186          0          0          0          0        176   depilogue.o
        48          0          0          0          0         68   dfixul.o
       228          0          0          0          0         96   dmul.o
        38          0          0          0          0         68   f2d.o

    ----------------------------------------------------------------------
      4216        144          0         12          0       2768   Library Totals
         4          0          0          0          0          0   (incl. Padding)

    ----------------------------------------------------------------------

      Code (inc. data)   RO Data    RW Data    ZI Data      Debug   Library Name

      3108        144          0         12          0       2044   mc_w.l
      1104          0          0          0          0        724   mf_w.l

    ----------------------------------------------------------------------
      4216        144          0         12          0       2768   Library Totals

    ----------------------------------------------------------------------

==============================================================================


      Code (inc. data)   RO Data    RW Data    ZI Data      Debug   

     56540       1500    1517856        240      77832     648595   Grand Totals
     56540       1500    1517856        240      77832     648595   ELF Image Totals
     56540       1500    1517856        240          0          0   ROM Totals

==============================================================================

    Total RO  Size (Code + RO Data)              1574396 (1537.50kB)
    Total RW  Size (RW Data + ZI Data)             78072 (  76.24kB)
    Total ROM Size (Code + RO Data + RW Data)    1574636 (1537.73kB)

==============================================================================

