<html>
<body>
<pre>
<h1>µVision Build Log</h1>
<h2>Tool Versions:</h2>
IDE-Version: µVision V5.37.0.11
Copyright (C) 2022 ARM Ltd and ARM Germany GmbH. All rights reserved.
License Information: Ronan Synnott
Arm
User-based license: Hardware Success Kit (Early Access)
Valid until: Apr 23 2024. Cached until: Oct 16 2022
 
Tool Versions:
Toolchain:       Hardware Success Kit (Early Access)  Version: 5.37.0.3
Toolchain Path:  C:\Arm\Keil_v5\ARM\ARMCLANG\Bin
C Compiler:      ArmClang.exe V6.18
Assembler:       Armasm.exe V6.18
Linker/Locator:  ArmLink.exe V6.18
Library Manager: ArmAr.exe V6.18
Hex Converter:   FromElf.exe V6.18
CPU DLL:         
Dialog DLL:      
Target DLL:      STLink\ST-LINKIII-KEIL_SWO.dll V3.0.9.0
Dialog DLL:      TCM.DLL V1.56.2.0
 
<h2>Project:</h2>
C:\work\STM32CubeU5\Projects\B-U585I-IOT02A\Demonstrations\IOT_HTTP_WebServer\MDK-ARM\STM32CubeU5_Demo_U585I-IOT02A.uvprojx
Project File Date:  09/16/2022

<h2>Output:</h2>
*** Using Compiler 'V6.18', folder: 'C:\Arm\Keil_v5\ARM\ARMCLANG\Bin'
Rebuild target 'STM32CubeU5_Demo_U585I-IOT02A'
assembling startup_stm32u585xx.s...
compiling main.c...
compiling bsp.c...
compiling stm32u5xx_hal_msp.c...
compiling webserver_main.c...
compiling system_config.c...
compiling stm32u5xx_it.c...
compiling console.c...
compiling webserver_status.c...
compiling webserver_http_cmd.c...
compiling favicon_res.c...
compiling webserver_sensors.c...
compiling html_res.c...
compiling webserver_http_response.c...
compiling css_shunk_res.c...
compiling json_res.c...
compiling webserver_http_encoder.c...
compiling font_res.c...
compiling js_main_res.c...
compiling webserver_wifi.c...
compiling b_u585i_iot02a.c...
compiling net_conf_mxchip_spi.c...
compiling net_interface.c...
compiling b_u585i_iot02a_bus.c...
compiling hts221.c...
compiling css_main_res.c...
compiling hts221_reg.c...
compiling b_u585i_iot02a_env_sensors.c...
compiling ism330dhcx.c...
compiling checksumutils.c...
compiling lps22hh.c...
compiling lps22hh_reg.c...
compiling mx_rtos_abs.c...
compiling mx_wifi_hci.c...
compiling mx_wifi_ipc.c...
compiling mx_wifi.c...
compiling mx_wifi_slip.c...
compiling system_stm32u5xx.c...
compiling stm32u5xx_hal.c...
compiling stm32u5xx_hal_cortex.c...
compiling js_shunk_res.c...
compiling image_res.c...
compiling stm32u5xx_hal_dma.c...
compiling stm32u5xx_hal_exti.c...
compiling stm32u5xx_hal_gpio.c...
compiling stm32u5xx_hal_i2c_ex.c...
compiling stm32u5xx_hal_icache.c...
compiling ism330dhcx_reg.c...
compiling stm32u5xx_hal_pwr.c...
compiling stm32u5xx_hal_dma_ex.c...
compiling stm32u5xx_hal_pwr_ex.c...
compiling stm32u5xx_hal_lptim.c...
compiling stm32u5xx_hal_rcc.c...
compiling net_address.c...
compiling stm32u5xx_hal_uart_ex.c...
compiling stm32u5xx_hal_rcc_ex.c...
compiling net_class_extension.c...
compiling net_os.c...
compiling stm32u5xx_hal_i2c.c...
compiling net_core.c...
compiling stm32u5xx_hal_spi.c...
compiling net_state.c...
compiling net_mbedtls.c...
compiling stm32u5xx_hal_uart.c...
compiling net_socket.c...
compiling net_mx_wifi.c...
linking...
Program Size: Code=56500 RO-data=1517540 RW-data=240 ZI-data=77832  
FromELF: creating hex file...
"STM32CubeU5_Demo_U585I-IOT02A\Exe\STM32CubeU5_Demo_U585I-IOT02A.axf" - 0 Error(s), 0 Warning(s).

<h2>Software Packages used:</h2>

Package Vendor: ARM
                http://www.keil.com/pack/ARM.CMSIS.5.9.0.pack
                ARM.CMSIS.5.9.0
                CMSIS (Common Microcontroller Software Interface Standard)
   * Component: CORE Version: 5.6.0

Package Vendor: Keil
                https://www.keil.com/pack/Keil.STM32U5xx_DFP.2.0.0.pack
                Keil.STM32U5xx_DFP.2.0.0
                STMicroelectronics STM32U5 Series Device Support

<h2>Collection of Component include folders:</h2>
  ./RTE/_STM32CubeU5_Demo_U585I-IOT02A
  C:/Users/rsynnott/AppData/Local/Arm/Packs/ARM/CMSIS/5.9.0/CMSIS/Core/Include
  C:/Users/rsynnott/AppData/Local/Arm/Packs/Keil/STM32U5xx_DFP/2.0.0/Drivers/CMSIS/Device/ST/STM32U5xx/Include

<h2>Collection of Component Files used:</h2>

   * Component: ARM::CMSIS:CORE:5.6.0
      Include file:  CMSIS/Core/Include/tz_context.h
Build Time Elapsed:  00:00:14
</pre>
</body>
</html>
